  Determining projects to restore...
D:\Users\Xandro\Source\Repos\ModularSys\ModularSys\ModularSys.csproj : warning NU1603: ModularSys depends on Microsoft.AspNetCore.Components.WebView.Maui (>= 9.0.92) but Microsoft.AspNetCore.Components.WebView.Maui 9.0.92 was not found. Microsoft.AspNetCore.Components.WebView.Maui 9.0.100 was resolved instead. [D:\Users\Xandro\Source\Repos\ModularSys\ModularSys.sln]
D:\Users\Xandro\Source\Repos\ModularSys\ModularSys\ModularSys.csproj : warning NU1603: ModularSys depends on Microsoft.Maui.Controls (>= 9.0.92) but Microsoft.Maui.Controls 9.0.92 was not found. Microsoft.Maui.Controls 9.0.100 was resolved instead. [D:\Users\Xandro\Source\Repos\ModularSys\ModularSys.sln]
  Restored D:\Users\Xandro\Source\Repos\ModularSys\ModularSys.EFHost\ModularSys.EFHost.csproj (in 332 ms).
  Restored D:\Users\Xandro\Source\Repos\ModularSys\ModularSys.Inventory\ModularSys.Inventory.csproj (in 332 ms).
  Restored D:\Users\Xandro\Source\Repos\ModularSys\ModularSys.Core\ModularSys.Core.csproj (in 332 ms).
  Restored D:\Users\Xandro\Source\Repos\ModularSys\ModernSys.Data\ModularSys.Data.csproj (in 332 ms).
  Restored D:\Users\Xandro\Source\Repos\ModularSys\ModularSys\ModularSys.csproj (in 436 ms).
D:\Users\Xandro\Source\Repos\ModularSys\ModernSys.Data\Common\Entities\User.cs(35,16): warning CS8618: Non-nullable property 'FirstName' must contain a non-null value when exiting constructor. Consider adding the 'required' modifier or declaring the property as nullable. [D:\Users\Xandro\Source\Repos\ModularSys\ModernSys.Data\ModularSys.Data.csproj]
D:\Users\Xandro\Source\Repos\ModularSys\ModernSys.Data\Common\Entities\User.cs(35,16): warning CS8618: Non-nullable property 'LastName' must contain a non-null value when exiting constructor. Consider adding the 'required' modifier or declaring the property as nullable. [D:\Users\Xandro\Source\Repos\ModularSys\ModernSys.Data\ModularSys.Data.csproj]
D:\Users\Xandro\Source\Repos\ModularSys\ModernSys.Data\Common\Entities\User.cs(35,16): warning CS8618: Non-nullable property 'Email' must contain a non-null value when exiting constructor. Consider adding the 'required' modifier or declaring the property as nullable. [D:\Users\Xandro\Source\Repos\ModularSys\ModernSys.Data\ModularSys.Data.csproj]
D:\Users\Xandro\Source\Repos\ModularSys\ModernSys.Data\Common\Entities\User.cs(35,16): warning CS8618: Non-nullable property 'Role' must contain a non-null value when exiting constructor. Consider adding the 'required' modifier or declaring the property as nullable. [D:\Users\Xandro\Source\Repos\ModularSys\ModernSys.Data\ModularSys.Data.csproj]
D:\Users\Xandro\Source\Repos\ModularSys\ModernSys.Data\Common\Entities\User.cs(35,16): warning CS8618: Non-nullable property 'Department' must contain a non-null value when exiting constructor. Consider adding the 'required' modifier or declaring the property as nullable. [D:\Users\Xandro\Source\Repos\ModularSys\ModernSys.Data\ModularSys.Data.csproj]
D:\Users\Xandro\Source\Repos\ModularSys\ModernSys.Data\Common\Entities\User.cs(38,16): warning CS8618: Non-nullable property 'Role' must contain a non-null value when exiting constructor. Consider adding the 'required' modifier or declaring the property as nullable. [D:\Users\Xandro\Source\Repos\ModularSys\ModernSys.Data\ModularSys.Data.csproj]
D:\Users\Xandro\Source\Repos\ModularSys\ModernSys.Data\Common\Entities\User.cs(38,16): warning CS8618: Non-nullable property 'Department' must contain a non-null value when exiting constructor. Consider adding the 'required' modifier or declaring the property as nullable. [D:\Users\Xandro\Source\Repos\ModularSys\ModernSys.Data\ModularSys.Data.csproj]
D:\Users\Xandro\Source\Repos\ModularSys\ModernSys.Data\Common\Services\Sync\SyncService.cs(652,57): warning EF1002: Method 'ExecuteSqlRawAsync' inserts interpolated strings directly into the SQL, without any protection against SQL injection. Consider using 'ExecuteSqlAsync' instead, which protects against SQL injection, or make sure that the value is sanitized and suppress the warning. [D:\Users\Xandro\Source\Repos\ModularSys\ModernSys.Data\ModularSys.Data.csproj]
D:\Users\Xandro\Source\Repos\ModularSys\ModernSys.Data\Common\Services\Sync\SyncService.cs(658,57): warning EF1002: Method 'ExecuteSqlRawAsync' inserts interpolated strings directly into the SQL, without any protection against SQL injection. Consider using 'ExecuteSqlAsync' instead, which protects against SQL injection, or make sure that the value is sanitized and suppress the warning. [D:\Users\Xandro\Source\Repos\ModularSys\ModernSys.Data\ModularSys.Data.csproj]
D:\Users\Xandro\Source\Repos\ModularSys\ModernSys.Data\Common\Services\Sync\SyncService.cs(731,57): warning EF1002: Method 'ExecuteSqlRawAsync' inserts interpolated strings directly into the SQL, without any protection against SQL injection. Consider using 'ExecuteSqlAsync' instead, which protects against SQL injection, or make sure that the value is sanitized and suppress the warning. [D:\Users\Xandro\Source\Repos\ModularSys\ModernSys.Data\ModularSys.Data.csproj]
D:\Users\Xandro\Source\Repos\ModularSys\ModernSys.Data\Common\Services\Sync\SyncService.cs(737,57): warning EF1002: Method 'ExecuteSqlRawAsync' inserts interpolated strings directly into the SQL, without any protection against SQL injection. Consider using 'ExecuteSqlAsync' instead, which protects against SQL injection, or make sure that the value is sanitized and suppress the warning. [D:\Users\Xandro\Source\Repos\ModularSys\ModernSys.Data\ModularSys.Data.csproj]
  ModularSys.Data -> D:\Users\Xandro\Source\Repos\ModularSys\ModernSys.Data\bin\Debug\net8.0\ModularSys.Data.dll
D:\Users\Xandro\Source\Repos\ModularSys\ModularSys.Core\Security\DynamicAuthPolicyProvider.cs(19,39): warning CS8613: Nullability of reference types in return type of 'Task<AuthorizationPolicy?> DynamicAuthPolicyProvider.GetDefaultPolicyAsync()' doesn't match implicitly implemented member 'Task<AuthorizationPolicy> IAuthorizationPolicyProvider.GetDefaultPolicyAsync()'. [D:\Users\Xandro\Source\Repos\ModularSys\ModularSys.Core\ModularSys.Core.csproj]
D:\Users\Xandro\Source\Repos\ModularSys\ModularSys.Core\Security\DynamicAuthPolicyProvider.cs(20,12): warning CS8619: Nullability of reference types in value of type 'Task<AuthorizationPolicy>' doesn't match target type 'Task<AuthorizationPolicy?>'. [D:\Users\Xandro\Source\Repos\ModularSys\ModularSys.Core\ModularSys.Core.csproj]
D:\Users\Xandro\Source\Repos\ModularSys\ModularSys.Core\Services\RolePermissionService.cs(88,16): warning CS8619: Nullability of reference types in value of type 'List<Permission?>' doesn't match target type 'List<Permission>'. [D:\Users\Xandro\Source\Repos\ModularSys\ModularSys.Core\ModularSys.Core.csproj]
D:\Users\Xandro\Source\Repos\ModularSys\ModularSys.Core\Services\RolePermissionService.cs(99,16): warning CS8619: Nullability of reference types in value of type 'List<Permission?>' doesn't match target type 'List<Permission>'. [D:\Users\Xandro\Source\Repos\ModularSys\ModularSys.Core\ModularSys.Core.csproj]
D:\Users\Xandro\Source\Repos\ModularSys\ModularSys.Core\Services\AuthService.cs(187,27): warning CS1998: This async method lacks 'await' operators and will run synchronously. Consider using the 'await' operator to await non-blocking API calls, or 'await Task.Run(...)' to do CPU-bound work on a background thread. [D:\Users\Xandro\Source\Repos\ModularSys\ModularSys.Core\ModularSys.Core.csproj]
D:\Users\Xandro\Source\Repos\ModularSys\ModularSys.Core\Services\DashboardService.cs(217,65): warning CS8602: Dereference of a possibly null reference. [D:\Users\Xandro\Source\Repos\ModularSys\ModularSys.Core\ModularSys.Core.csproj]
D:\Users\Xandro\Source\Repos\ModularSys\ModularSys.Core\Services\DashboardService.cs(243,43): warning CS1998: This async method lacks 'await' operators and will run synchronously. Consider using the 'await' operator to await non-blocking API calls, or 'await Task.Run(...)' to do CPU-bound work on a background thread. [D:\Users\Xandro\Source\Repos\ModularSys\ModularSys.Core\ModularSys.Core.csproj]
  ModularSys.Core -> D:\Users\Xandro\Source\Repos\ModularSys\ModularSys.Core\bin\Debug\net8.0\ModularSys.Core.dll
  ModularSys.EFHost -> D:\Users\Xandro\Source\Repos\ModularSys\ModularSys.EFHost\bin\Debug\net9.0\ModularSys.EFHost.dll
D:\Users\Xandro\Source\Repos\ModularSys\ModularSys\ModularSys.csproj : warning NU1603: ModularSys depends on Microsoft.AspNetCore.Components.WebView.Maui (>= 9.0.92) but Microsoft.AspNetCore.Components.WebView.Maui 9.0.92 was not found. Microsoft.AspNetCore.Components.WebView.Maui 9.0.100 was resolved instead. [TargetFramework=net9.0-windows10.0.19041.0]
D:\Users\Xandro\Source\Repos\ModularSys\ModularSys\ModularSys.csproj : warning NU1603: ModularSys depends on Microsoft.Maui.Controls (>= 9.0.92) but Microsoft.Maui.Controls 9.0.92 was not found. Microsoft.Maui.Controls 9.0.100 was resolved instead. [TargetFramework=net9.0-windows10.0.19041.0]
D:\Users\Xandro\Source\Repos\ModularSys\ModularSys.Inventory\Components\ReportPreviewDialog.razor(30,13): warning RZ10012: Found markup element with unexpected name 'RadzenSeparator'. If this is intended to be a component, add a @using directive for its namespace. [D:\Users\Xandro\Source\Repos\ModularSys\ModularSys.Inventory\ModularSys.Inventory.csproj]
D:\Users\Xandro\Source\Repos\ModularSys\ModularSys.Inventory\Components\ReportPreviewDialog.razor(113,13): warning RZ10012: Found markup element with unexpected name 'RadzenList'. If this is intended to be a component, add a @using directive for its namespace. [D:\Users\Xandro\Source\Repos\ModularSys\ModularSys.Inventory\ModularSys.Inventory.csproj]
D:\Users\Xandro\Source\Repos\ModularSys\ModularSys.Inventory\Components\ReportPreviewDialog.razor(114,17): warning RZ10012: Found markup element with unexpected name 'RadzenListItem'. If this is intended to be a component, add a @using directive for its namespace. [D:\Users\Xandro\Source\Repos\ModularSys\ModularSys.Inventory\ModularSys.Inventory.csproj]
D:\Users\Xandro\Source\Repos\ModularSys\ModularSys.Inventory\Components\ReportPreviewDialog.razor(118,17): warning RZ10012: Found markup element with unexpected name 'RadzenListItem'. If this is intended to be a component, add a @using directive for its namespace. [D:\Users\Xandro\Source\Repos\ModularSys\ModularSys.Inventory\ModularSys.Inventory.csproj]
D:\Users\Xandro\Source\Repos\ModularSys\ModularSys.Inventory\Components\ReportPreviewDialog.razor(122,17): warning RZ10012: Found markup element with unexpected name 'RadzenListItem'. If this is intended to be a component, add a @using directive for its namespace. [D:\Users\Xandro\Source\Repos\ModularSys\ModularSys.Inventory\ModularSys.Inventory.csproj]
D:\Users\Xandro\Source\Repos\ModularSys\ModularSys.Inventory\Components\ReportPreviewDialog.razor(126,17): warning RZ10012: Found markup element with unexpected name 'RadzenListItem'. If this is intended to be a component, add a @using directive for its namespace. [D:\Users\Xandro\Source\Repos\ModularSys\ModularSys.Inventory\ModularSys.Inventory.csproj]
D:\Users\Xandro\Source\Repos\ModularSys\ModularSys.Inventory\Components\ReportPreviewDialog.razor(133,13): warning RZ10012: Found markup element with unexpected name 'RadzenSeparator'. If this is intended to be a component, add a @using directive for its namespace. [D:\Users\Xandro\Source\Repos\ModularSys\ModularSys.Inventory\ModularSys.Inventory.csproj]
D:\Users\Xandro\Source\Repos\ModularSys\ModularSys.Inventory\Pages\Inventory.razor(23,17): warning RZ10012: Found markup element with unexpected name 'RadzenTab'. If this is intended to be a component, add a @using directive for its namespace. [D:\Users\Xandro\Source\Repos\ModularSys\ModularSys.Inventory\ModularSys.Inventory.csproj]
D:\Users\Xandro\Source\Repos\ModularSys\ModularSys.Inventory\Pages\Inventory.razor(28,17): warning RZ10012: Found markup element with unexpected name 'RadzenTab'. If this is intended to be a component, add a @using directive for its namespace. [D:\Users\Xandro\Source\Repos\ModularSys\ModularSys.Inventory\ModularSys.Inventory.csproj]
D:\Users\Xandro\Source\Repos\ModularSys\ModularSys.Inventory\Pages\Inventory.razor(33,17): warning RZ10012: Found markup element with unexpected name 'RadzenTab'. If this is intended to be a component, add a @using directive for its namespace. [D:\Users\Xandro\Source\Repos\ModularSys\ModularSys.Inventory\ModularSys.Inventory.csproj]
D:\Users\Xandro\Source\Repos\ModularSys\ModularSys.Inventory\Pages\Inventory.razor(38,17): warning RZ10012: Found markup element with unexpected name 'RadzenTab'. If this is intended to be a component, add a @using directive for its namespace. [D:\Users\Xandro\Source\Repos\ModularSys\ModularSys.Inventory\ModularSys.Inventory.csproj]
D:\Users\Xandro\Source\Repos\ModularSys\ModularSys.Inventory\Pages\Inventory.razor(43,17): warning RZ10012: Found markup element with unexpected name 'RadzenTab'. If this is intended to be a component, add a @using directive for its namespace. [D:\Users\Xandro\Source\Repos\ModularSys\ModularSys.Inventory\ModularSys.Inventory.csproj]
D:\Users\Xandro\Source\Repos\ModularSys\ModularSys.Inventory\Pages\Inventory.razor(48,17): warning RZ10012: Found markup element with unexpected name 'RadzenTab'. If this is intended to be a component, add a @using directive for its namespace. [D:\Users\Xandro\Source\Repos\ModularSys\ModularSys.Inventory\ModularSys.Inventory.csproj]
D:\Users\Xandro\Source\Repos\ModularSys\ModularSys.Inventory\Pages\Inventory.razor(49,21): warning RZ10012: Found markup element with unexpected name 'InventoryTransactionIndex'. If this is intended to be a component, add a @using directive for its namespace. [D:\Users\Xandro\Source\Repos\ModularSys\ModularSys.Inventory\ModularSys.Inventory.csproj]
D:\Users\Xandro\Source\Repos\ModularSys\ModularSys.Inventory\Pages\Inventory.razor(53,17): warning RZ10012: Found markup element with unexpected name 'RadzenTab'. If this is intended to be a component, add a @using directive for its namespace. [D:\Users\Xandro\Source\Repos\ModularSys\ModularSys.Inventory\ModularSys.Inventory.csproj]
D:\Users\Xandro\Source\Repos\ModularSys\ModularSys.Inventory\Pages\Inventory.razor(58,17): warning RZ10012: Found markup element with unexpected name 'RadzenTab'. If this is intended to be a component, add a @using directive for its namespace. [D:\Users\Xandro\Source\Repos\ModularSys\ModularSys.Inventory\ModularSys.Inventory.csproj]
D:\Users\Xandro\Source\Repos\ModularSys\ModularSys.Inventory\Pages\Inventory.razor(63,17): warning RZ10012: Found markup element with unexpected name 'RadzenTab'. If this is intended to be a component, add a @using directive for its namespace. [D:\Users\Xandro\Source\Repos\ModularSys\ModularSys.Inventory\ModularSys.Inventory.csproj]
D:\Users\Xandro\Source\Repos\ModularSys\ModularSys.Inventory\Pages\InventoryDashboard.razor(72,14): error RZ1034: Found a malformed 'RadzenCard' tag helper. Tag helpers must have a start and end tag or be self closing. [D:\Users\Xandro\Source\Repos\ModularSys\ModularSys.Inventory\ModularSys.Inventory.csproj]
D:\Users\Xandro\Source\Repos\ModularSys\ModularSys.Inventory\Pages\InventoryDashboard.razor(78,63): error RZ9986: Component attributes do not support complex content (mixed C# and markup). Attribute: 'Style', text: 'font-size: 1.5rem; color: _dashboardData.ProfitMargin >= 0 ? "#10b981" : "#ef4444";' [D:\Users\Xandro\Source\Repos\ModularSys\ModularSys.Inventory\ModularSys.Inventory.csproj]
D:\Users\Xandro\Source\Repos\ModularSys\ModularSys.Inventory\Pages\InventoryDashboard.razor(81,13): error RZ9981: Unexpected closing tag 'RadzenCard' with no matching start tag. [D:\Users\Xandro\Source\Repos\ModularSys\ModularSys.Inventory\ModularSys.Inventory.csproj]
D:\Users\Xandro\Source\Repos\ModularSys\ModularSys.Inventory\Pages\InventoryDashboard.razor(81,15): error RZ1026: Encountered end tag "RadzenCard" with no matching start tag.  Are your start/end tags properly balanced? [D:\Users\Xandro\Source\Repos\ModularSys\ModularSys.Inventory\ModularSys.Inventory.csproj]
D:\Users\Xandro\Source\Repos\ModularSys\ModularSys.Inventory\Pages\InventoryDashboard.razor(81,15): error RZ1034: Found a malformed 'RadzenCard' tag helper. Tag helpers must have a start and end tag or be self closing. [D:\Users\Xandro\Source\Repos\ModularSys\ModularSys.Inventory\ModularSys.Inventory.csproj]
D:\Users\Xandro\Source\Repos\ModularSys\ModularSys.Inventory\Pages\InventoryDashboard.razor(82,9): error RZ9981: Unexpected closing tag 'div' with no matching start tag. [D:\Users\Xandro\Source\Repos\ModularSys\ModularSys.Inventory\ModularSys.Inventory.csproj]
D:\Users\Xandro\Source\Repos\ModularSys\ModularSys.Inventory\Pages\InventoryDashboard.razor(82,11): error RZ1026: Encountered end tag "div" with no matching start tag.  Are your start/end tags properly balanced? [D:\Users\Xandro\Source\Repos\ModularSys\ModularSys.Inventory\ModularSys.Inventory.csproj]
D:\Users\Xandro\Source\Repos\ModularSys\ModularSys.Inventory\Pages\InventoryDashboard.razor(140,112): error RZ9986: Component attributes do not support complex content (mixed C# and markup). Attribute: 'Style', text: 'font-size: 2rem; color: _dashboardData.LowStockCount > 0 ? "#f59e0b" : "#10b981"; margin-bottom: 12px;' [D:\Users\Xandro\Source\Repos\ModularSys\ModularSys.Inventory\ModularSys.Inventory.csproj]
D:\Users\Xandro\Source\Repos\ModularSys\ModularSys.Inventory\Pages\InventoryReports.razor(18,13): warning RZ10012: Found markup element with unexpected name 'RadzenCardContent'. If this is intended to be a component, add a @using directive for its namespace. [D:\Users\Xandro\Source\Repos\ModularSys\ModularSys.Inventory\ModularSys.Inventory.csproj]
D:\Users\Xandro\Source\Repos\ModularSys\ModularSys.Inventory\Pages\InventoryReports.razor(59,17): warning RZ10012: Found markup element with unexpected name 'RadzenCardContent'. If this is intended to be a component, add a @using directive for its namespace. [D:\Users\Xandro\Source\Repos\ModularSys\ModularSys.Inventory\ModularSys.Inventory.csproj]
D:\Users\Xandro\Source\Repos\ModularSys\ModularSys.Inventory\Pages\InventoryReports.razor(108,21): warning RZ10012: Found markup element with unexpected name 'RadzenCardContent'. If this is intended to be a component, add a @using directive for its namespace. [D:\Users\Xandro\Source\Repos\ModularSys\ModularSys.Inventory\ModularSys.Inventory.csproj]
D:\Users\Xandro\Source\Repos\ModularSys\ModularSys.Inventory\Pages\InventoryReports.razor(125,25): warning RZ10012: Found markup element with unexpected name 'RadzenCardHeader'. If this is intended to be a component, add a @using directive for its namespace. [D:\Users\Xandro\Source\Repos\ModularSys\ModularSys.Inventory\ModularSys.Inventory.csproj]
D:\Users\Xandro\Source\Repos\ModularSys\ModularSys.Inventory\Pages\InventoryReports.razor(134,25): warning RZ10012: Found markup element with unexpected name 'RadzenCardContent'. If this is intended to be a component, add a @using directive for its namespace. [D:\Users\Xandro\Source\Repos\ModularSys\ModularSys.Inventory\ModularSys.Inventory.csproj]
D:\Users\Xandro\Source\Repos\ModularSys\ModularSys.Inventory\Pages\InventoryReports.razor(139,41): warning RZ10012: Found markup element with unexpected name 'RadzenCardContent'. If this is intended to be a component, add a @using directive for its namespace. [D:\Users\Xandro\Source\Repos\ModularSys\ModularSys.Inventory\ModularSys.Inventory.csproj]
D:\Users\Xandro\Source\Repos\ModularSys\ModularSys.Inventory\Pages\InventoryReports.razor(150,41): warning RZ10012: Found markup element with unexpected name 'RadzenCardContent'. If this is intended to be a component, add a @using directive for its namespace. [D:\Users\Xandro\Source\Repos\ModularSys\ModularSys.Inventory\ModularSys.Inventory.csproj]
D:\Users\Xandro\Source\Repos\ModularSys\ModularSys.Inventory\Pages\InventoryReports.razor(161,41): warning RZ10012: Found markup element with unexpected name 'RadzenCardContent'. If this is intended to be a component, add a @using directive for its namespace. [D:\Users\Xandro\Source\Repos\ModularSys\ModularSys.Inventory\ModularSys.Inventory.csproj]
D:\Users\Xandro\Source\Repos\ModularSys\ModularSys.Inventory\Pages\InventoryReports.razor(191,25): warning RZ10012: Found markup element with unexpected name 'RadzenCardHeader'. If this is intended to be a component, add a @using directive for its namespace. [D:\Users\Xandro\Source\Repos\ModularSys\ModularSys.Inventory\ModularSys.Inventory.csproj]
D:\Users\Xandro\Source\Repos\ModularSys\ModularSys.Inventory\Pages\InventoryReports.razor(200,25): warning RZ10012: Found markup element with unexpected name 'RadzenCardContent'. If this is intended to be a component, add a @using directive for its namespace. [D:\Users\Xandro\Source\Repos\ModularSys\ModularSys.Inventory\ModularSys.Inventory.csproj]
D:\Users\Xandro\Source\Repos\ModularSys\ModularSys.Inventory\Pages\InventoryReports.razor(205,41): warning RZ10012: Found markup element with unexpected name 'RadzenCardContent'. If this is intended to be a component, add a @using directive for its namespace. [D:\Users\Xandro\Source\Repos\ModularSys\ModularSys.Inventory\ModularSys.Inventory.csproj]
D:\Users\Xandro\Source\Repos\ModularSys\ModularSys.Inventory\Pages\InventoryReports.razor(216,41): warning RZ10012: Found markup element with unexpected name 'RadzenCardContent'. If this is intended to be a component, add a @using directive for its namespace. [D:\Users\Xandro\Source\Repos\ModularSys\ModularSys.Inventory\ModularSys.Inventory.csproj]
D:\Users\Xandro\Source\Repos\ModularSys\ModularSys.Inventory\Pages\InventoryReports.razor(227,41): warning RZ10012: Found markup element with unexpected name 'RadzenCardContent'. If this is intended to be a component, add a @using directive for its namespace. [D:\Users\Xandro\Source\Repos\ModularSys\ModularSys.Inventory\ModularSys.Inventory.csproj]
D:\Users\Xandro\Source\Repos\ModularSys\ModularSys.Inventory\Pages\InventoryReports.razor(238,41): warning RZ10012: Found markup element with unexpected name 'RadzenCardContent'. If this is intended to be a component, add a @using directive for its namespace. [D:\Users\Xandro\Source\Repos\ModularSys\ModularSys.Inventory\ModularSys.Inventory.csproj]
D:\Users\Xandro\Source\Repos\ModularSys\ModularSys.Inventory\Pages\InventoryReports.razor(273,25): warning RZ10012: Found markup element with unexpected name 'RadzenCardHeader'. If this is intended to be a component, add a @using directive for its namespace. [D:\Users\Xandro\Source\Repos\ModularSys\ModularSys.Inventory\ModularSys.Inventory.csproj]
D:\Users\Xandro\Source\Repos\ModularSys\ModularSys.Inventory\Pages\InventoryReports.razor(282,25): warning RZ10012: Found markup element with unexpected name 'RadzenCardContent'. If this is intended to be a component, add a @using directive for its namespace. [D:\Users\Xandro\Source\Repos\ModularSys\ModularSys.Inventory\ModularSys.Inventory.csproj]
D:\Users\Xandro\Source\Repos\ModularSys\ModularSys.Inventory\Pages\InventoryReports.razor(287,41): warning RZ10012: Found markup element with unexpected name 'RadzenCardContent'. If this is intended to be a component, add a @using directive for its namespace. [D:\Users\Xandro\Source\Repos\ModularSys\ModularSys.Inventory\ModularSys.Inventory.csproj]
D:\Users\Xandro\Source\Repos\ModularSys\ModularSys.Inventory\Pages\InventoryReports.razor(298,41): warning RZ10012: Found markup element with unexpected name 'RadzenCardContent'. If this is intended to be a component, add a @using directive for its namespace. [D:\Users\Xandro\Source\Repos\ModularSys\ModularSys.Inventory\ModularSys.Inventory.csproj]
D:\Users\Xandro\Source\Repos\ModularSys\ModularSys.Inventory\Pages\InventoryReports.razor(309,41): warning RZ10012: Found markup element with unexpected name 'RadzenCardContent'. If this is intended to be a component, add a @using directive for its namespace. [D:\Users\Xandro\Source\Repos\ModularSys\ModularSys.Inventory\ModularSys.Inventory.csproj]
D:\Users\Xandro\Source\Repos\ModularSys\ModularSys.Inventory\Pages\InventoryReports.razor(344,25): warning RZ10012: Found markup element with unexpected name 'RadzenCardHeader'. If this is intended to be a component, add a @using directive for its namespace. [D:\Users\Xandro\Source\Repos\ModularSys\ModularSys.Inventory\ModularSys.Inventory.csproj]
D:\Users\Xandro\Source\Repos\ModularSys\ModularSys.Inventory\Pages\InventoryReports.razor(353,25): warning RZ10012: Found markup element with unexpected name 'RadzenCardContent'. If this is intended to be a component, add a @using directive for its namespace. [D:\Users\Xandro\Source\Repos\ModularSys\ModularSys.Inventory\ModularSys.Inventory.csproj]
D:\Users\Xandro\Source\Repos\ModularSys\ModularSys.Inventory\Pages\InventoryReports.razor(367,41): warning RZ10012: Found markup element with unexpected name 'RadzenCardContent'. If this is intended to be a component, add a @using directive for its namespace. [D:\Users\Xandro\Source\Repos\ModularSys\ModularSys.Inventory\ModularSys.Inventory.csproj]
D:\Users\Xandro\Source\Repos\ModularSys\ModularSys.Inventory\Pages\InventoryReports.razor(378,41): warning RZ10012: Found markup element with unexpected name 'RadzenCardContent'. If this is intended to be a component, add a @using directive for its namespace. [D:\Users\Xandro\Source\Repos\ModularSys\ModularSys.Inventory\ModularSys.Inventory.csproj]
D:\Users\Xandro\Source\Repos\ModularSys\ModularSys.Inventory\Pages\InventoryReports.razor(389,41): warning RZ10012: Found markup element with unexpected name 'RadzenCardContent'. If this is intended to be a component, add a @using directive for its namespace. [D:\Users\Xandro\Source\Repos\ModularSys\ModularSys.Inventory\ModularSys.Inventory.csproj]
D:\Users\Xandro\Source\Repos\ModularSys\ModularSys.Inventory\Pages\InventoryReports.razor(400,41): warning RZ10012: Found markup element with unexpected name 'RadzenCardContent'. If this is intended to be a component, add a @using directive for its namespace. [D:\Users\Xandro\Source\Repos\ModularSys\ModularSys.Inventory\ModularSys.Inventory.csproj]
D:\Users\Xandro\Source\Repos\ModularSys\ModularSys.Inventory\Pages\InventoryReports.razor(480,25): warning RZ10012: Found markup element with unexpected name 'RadzenCardContent'. If this is intended to be a component, add a @using directive for its namespace. [D:\Users\Xandro\Source\Repos\ModularSys\ModularSys.Inventory\ModularSys.Inventory.csproj]
D:\Users\Xandro\Source\Repos\ModularSys\ModularSys.Inventory\Pages\InventoryReports.razor(499,25): warning RZ10012: Found markup element with unexpected name 'RadzenCardContent'. If this is intended to be a component, add a @using directive for its namespace. [D:\Users\Xandro\Source\Repos\ModularSys\ModularSys.Inventory\ModularSys.Inventory.csproj]
D:\Users\Xandro\Source\Repos\ModularSys\ModularSys.Inventory\Pages\InventoryReports.razor(518,25): warning RZ10012: Found markup element with unexpected name 'RadzenCardContent'. If this is intended to be a component, add a @using directive for its namespace. [D:\Users\Xandro\Source\Repos\ModularSys\ModularSys.Inventory\ModularSys.Inventory.csproj]
D:\Users\Xandro\Source\Repos\ModularSys\ModularSys.Inventory\Pages\InventoryReports.razor(537,25): warning RZ10012: Found markup element with unexpected name 'RadzenCardContent'. If this is intended to be a component, add a @using directive for its namespace. [D:\Users\Xandro\Source\Repos\ModularSys\ModularSys.Inventory\ModularSys.Inventory.csproj]
D:\Users\Xandro\Source\Repos\ModularSys\ModularSys.Inventory\Pages\InventoryReports.razor(559,21): warning RZ10012: Found markup element with unexpected name 'RadzenCardHeader'. If this is intended to be a component, add a @using directive for its namespace. [D:\Users\Xandro\Source\Repos\ModularSys\ModularSys.Inventory\ModularSys.Inventory.csproj]
D:\Users\Xandro\Source\Repos\ModularSys\ModularSys.Inventory\Pages\InventoryReports.razor(560,25): warning RZ10012: Found markup element with unexpected name 'RadzenCardContent'. If this is intended to be a component, add a @using directive for its namespace. [D:\Users\Xandro\Source\Repos\ModularSys\ModularSys.Inventory\ModularSys.Inventory.csproj]
D:\Users\Xandro\Source\Repos\ModularSys\ModularSys.Inventory\Pages\InventoryReports.razor(570,21): warning RZ10012: Found markup element with unexpected name 'RadzenCardContent'. If this is intended to be a component, add a @using directive for its namespace. [D:\Users\Xandro\Source\Repos\ModularSys\ModularSys.Inventory\ModularSys.Inventory.csproj]
D:\Users\Xandro\Source\Repos\ModularSys\ModularSys.Inventory\Pages\ProductIndex.razor(11,1): error RZ9980: Unclosed tag 'div' with no matching end tag. [D:\Users\Xandro\Source\Repos\ModularSys\ModularSys.Inventory\ModularSys.Inventory.csproj]
D:\Users\Xandro\Source\Repos\ModularSys\ModularSys.Inventory\Pages\ProductIndex.razor(65,6): error RZ1034: Found a malformed 'RadzenCard' tag helper. Tag helpers must have a start and end tag or be self closing. [D:\Users\Xandro\Source\Repos\ModularSys\ModularSys.Inventory\ModularSys.Inventory.csproj]
D:\Users\Xandro\Source\Repos\ModularSys\ModularSys.Inventory\Pages\ProductIndex.razor(90,9): error RZ1006: The else block is missing a closing "}" character.  Make sure you have a matching "}" character for all the "{" characters within this block, and that none of the "}" characters are being interpreted as markup. [D:\Users\Xandro\Source\Repos\ModularSys\ModularSys.Inventory\ModularSys.Inventory.csproj]
D:\Users\Xandro\Source\Repos\ModularSys\ModularSys.Inventory\Pages\ProductIndex.razor(92,14): error RZ1025: The "RadzenDataGrid" element was not closed.  All elements must be either self-closing or have a matching end tag. [D:\Users\Xandro\Source\Repos\ModularSys\ModularSys.Inventory\ModularSys.Inventory.csproj]
D:\Users\Xandro\Source\Repos\ModularSys\ModularSys.Inventory\Pages\ProductIndex.razor(92,14): error RZ1034: Found a malformed 'RadzenDataGrid' tag helper. Tag helpers must have a start and end tag or be self closing. [D:\Users\Xandro\Source\Repos\ModularSys\ModularSys.Inventory\ModularSys.Inventory.csproj]
D:\Users\Xandro\Source\Repos\ModularSys\ModularSys.Inventory\Pages\ProductIndex.razor(98,17): error RZ9980: Unclosed tag 'Columns' with no matching end tag. [D:\Users\Xandro\Source\Repos\ModularSys\ModularSys.Inventory\ModularSys.Inventory.csproj]
D:\Users\Xandro\Source\Repos\ModularSys\ModularSys.Inventory\Pages\ProductIndex.razor(98,17): warning RZ10012: Found markup element with unexpected name 'Columns'. If this is intended to be a component, add a @using directive for its namespace. [D:\Users\Xandro\Source\Repos\ModularSys\ModularSys.Inventory\ModularSys.Inventory.csproj]
D:\Users\Xandro\Source\Repos\ModularSys\ModularSys.Inventory\Pages\ProductIndex.razor(99,22): error RZ1034: Found a malformed 'RadzenDataGridColumn' tag helper. Tag helpers must have a start and end tag or be self closing. [D:\Users\Xandro\Source\Repos\ModularSys\ModularSys.Inventory\ModularSys.Inventory.csproj]
D:\Users\Xandro\Source\Repos\ModularSys\ModularSys.Inventory\Pages\ProductIndex.razor(112,25): error RZ9981: Unexpected closing tag 'Template' with no matching start tag. [D:\Users\Xandro\Source\Repos\ModularSys\ModularSys.Inventory\ModularSys.Inventory.csproj]
D:\Users\Xandro\Source\Repos\ModularSys\ModularSys.Inventory\Pages\ProductIndex.razor(113,21): error RZ9981: Unexpected closing tag 'RadzenDataGridColumn' with no matching start tag. [D:\Users\Xandro\Source\Repos\ModularSys\ModularSys.Inventory\ModularSys.Inventory.csproj]
D:\Users\Xandro\Source\Repos\ModularSys\ModularSys.Inventory\Pages\ProductIndex.razor(113,23): error RZ1026: Encountered end tag "RadzenDataGridColumn" with no matching start tag.  Are your start/end tags properly balanced? [D:\Users\Xandro\Source\Repos\ModularSys\ModularSys.Inventory\ModularSys.Inventory.csproj]
D:\Users\Xandro\Source\Repos\ModularSys\ModularSys.Inventory\Pages\ProductIndex.razor(113,23): error RZ1034: Found a malformed 'RadzenDataGridColumn' tag helper. Tag helpers must have a start and end tag or be self closing. [D:\Users\Xandro\Source\Repos\ModularSys\ModularSys.Inventory\ModularSys.Inventory.csproj]
D:\Users\Xandro\Source\Repos\ModularSys\ModularSys.Inventory\Pages\ProductIndex.razor(121,22): error RZ1025: The "RadzenDataGridColumn" element was not closed.  All elements must be either self-closing or have a matching end tag. [D:\Users\Xandro\Source\Repos\ModularSys\ModularSys.Inventory\ModularSys.Inventory.csproj]
D:\Users\Xandro\Source\Repos\ModularSys\ModularSys.Inventory\Pages\ProductIndex.razor(121,22): error RZ1034: Found a malformed 'RadzenDataGridColumn' tag helper. Tag helpers must have a start and end tag or be self closing. [D:\Users\Xandro\Source\Repos\ModularSys\ModularSys.Inventory\ModularSys.Inventory.csproj]
D:\Users\Xandro\Source\Repos\ModularSys\ModularSys.Inventory\Pages\ProductIndex.razor(122,25): error RZ9980: Unclosed tag 'Template' with no matching end tag. [D:\Users\Xandro\Source\Repos\ModularSys\ModularSys.Inventory\ModularSys.Inventory.csproj]
D:\Users\Xandro\Source\Repos\ModularSys\ModularSys.Inventory\Pages\ProductIndex.razor(122,25): warning RZ10012: Found markup element with unexpected name 'Template'. If this is intended to be a component, add a @using directive for its namespace. [D:\Users\Xandro\Source\Repos\ModularSys\ModularSys.Inventory\ModularSys.Inventory.csproj]
D:\Users\Xandro\Source\Repos\ModularSys\ModularSys.Inventory\Pages\ProductIndex.razor(128,25): error RZ9981: Unexpected closing tag 'Template' with no matching start tag. [D:\Users\Xandro\Source\Repos\ModularSys\ModularSys.Inventory\ModularSys.Inventory.csproj]
D:\Users\Xandro\Source\Repos\ModularSys\ModularSys.Inventory\Pages\ProductIndex.razor(128,27): error RZ1026: Encountered end tag "Template" with no matching start tag.  Are your start/end tags properly balanced? [D:\Users\Xandro\Source\Repos\ModularSys\ModularSys.Inventory\ModularSys.Inventory.csproj]
D:\Users\Xandro\Source\Repos\ModularSys\ModularSys.Inventory\Pages\ProductIndex.razor(129,21): error RZ9981: Unexpected closing tag 'RadzenDataGridColumn' with no matching start tag. [D:\Users\Xandro\Source\Repos\ModularSys\ModularSys.Inventory\ModularSys.Inventory.csproj]
D:\Users\Xandro\Source\Repos\ModularSys\ModularSys.Inventory\Pages\ProductIndex.razor(129,23): error RZ1026: Encountered end tag "RadzenDataGridColumn" with no matching start tag.  Are your start/end tags properly balanced? [D:\Users\Xandro\Source\Repos\ModularSys\ModularSys.Inventory\ModularSys.Inventory.csproj]
D:\Users\Xandro\Source\Repos\ModularSys\ModularSys.Inventory\Pages\ProductIndex.razor(129,23): error RZ1034: Found a malformed 'RadzenDataGridColumn' tag helper. Tag helpers must have a start and end tag or be self closing. [D:\Users\Xandro\Source\Repos\ModularSys\ModularSys.Inventory\ModularSys.Inventory.csproj]
D:\Users\Xandro\Source\Repos\ModularSys\ModularSys.Inventory\Pages\ProductIndex.razor(131,22): error RZ1025: The "RadzenDataGridColumn" element was not closed.  All elements must be either self-closing or have a matching end tag. [D:\Users\Xandro\Source\Repos\ModularSys\ModularSys.Inventory\ModularSys.Inventory.csproj]
D:\Users\Xandro\Source\Repos\ModularSys\ModularSys.Inventory\Pages\ProductIndex.razor(131,22): error RZ1034: Found a malformed 'RadzenDataGridColumn' tag helper. Tag helpers must have a start and end tag or be self closing. [D:\Users\Xandro\Source\Repos\ModularSys\ModularSys.Inventory\ModularSys.Inventory.csproj]
D:\Users\Xandro\Source\Repos\ModularSys\ModularSys.Inventory\Pages\ProductIndex.razor(132,25): error RZ9980: Unclosed tag 'Template' with no matching end tag. [D:\Users\Xandro\Source\Repos\ModularSys\ModularSys.Inventory\ModularSys.Inventory.csproj]
D:\Users\Xandro\Source\Repos\ModularSys\ModularSys.Inventory\Pages\ProductIndex.razor(132,25): warning RZ10012: Found markup element with unexpected name 'Template'. If this is intended to be a component, add a @using directive for its namespace. [D:\Users\Xandro\Source\Repos\ModularSys\ModularSys.Inventory\ModularSys.Inventory.csproj]
D:\Users\Xandro\Source\Repos\ModularSys\ModularSys.Inventory\Pages\ProductIndex.razor(138,29): error RZ9981: Unexpected closing tag 'div' with no matching start tag. [D:\Users\Xandro\Source\Repos\ModularSys\ModularSys.Inventory\ModularSys.Inventory.csproj]
D:\Users\Xandro\Source\Repos\ModularSys\ModularSys.Inventory\Pages\ProductIndex.razor(139,21): error RZ9981: Unexpected closing tag 'RadzenDataGridColumn' with no matching start tag. [D:\Users\Xandro\Source\Repos\ModularSys\ModularSys.Inventory\ModularSys.Inventory.csproj]
D:\Users\Xandro\Source\Repos\ModularSys\ModularSys.Inventory\Pages\ProductIndex.razor(139,23): error RZ1026: Encountered end tag "RadzenDataGridColumn" with no matching start tag.  Are your start/end tags properly balanced? [D:\Users\Xandro\Source\Repos\ModularSys\ModularSys.Inventory\ModularSys.Inventory.csproj]
D:\Users\Xandro\Source\Repos\ModularSys\ModularSys.Inventory\Pages\ProductIndex.razor(139,23): error RZ1034: Found a malformed 'RadzenDataGridColumn' tag helper. Tag helpers must have a start and end tag or be self closing. [D:\Users\Xandro\Source\Repos\ModularSys\ModularSys.Inventory\ModularSys.Inventory.csproj]
D:\Users\Xandro\Source\Repos\ModularSys\ModularSys.Inventory\Pages\ProductIndex.razor(155,17): error RZ9981: Unexpected closing tag 'Columns' with no matching start tag. [D:\Users\Xandro\Source\Repos\ModularSys\ModularSys.Inventory\ModularSys.Inventory.csproj]
D:\Users\Xandro\Source\Repos\ModularSys\ModularSys.Inventory\Pages\ProductIndex.razor(155,19): error RZ1026: Encountered end tag "Columns" with no matching start tag.  Are your start/end tags properly balanced? [D:\Users\Xandro\Source\Repos\ModularSys\ModularSys.Inventory\ModularSys.Inventory.csproj]
D:\Users\Xandro\Source\Repos\ModularSys\ModularSys.Inventory\Pages\ProductIndex.razor(156,13): error RZ9981: Unexpected closing tag 'RadzenDataGrid' with no matching start tag. [D:\Users\Xandro\Source\Repos\ModularSys\ModularSys.Inventory\ModularSys.Inventory.csproj]
D:\Users\Xandro\Source\Repos\ModularSys\ModularSys.Inventory\Pages\ProductIndex.razor(156,15): error RZ1026: Encountered end tag "RadzenDataGrid" with no matching start tag.  Are your start/end tags properly balanced? [D:\Users\Xandro\Source\Repos\ModularSys\ModularSys.Inventory\ModularSys.Inventory.csproj]
D:\Users\Xandro\Source\Repos\ModularSys\ModularSys.Inventory\Pages\ProductIndex.razor(156,15): error RZ1034: Found a malformed 'RadzenDataGrid' tag helper. Tag helpers must have a start and end tag or be self closing. [D:\Users\Xandro\Source\Repos\ModularSys\ModularSys.Inventory\ModularSys.Inventory.csproj]
D:\Users\Xandro\Source\Repos\ModularSys\ModularSys.Inventory\Pages\ProductIndex.razor(158,5): error RZ9981: Unexpected closing tag 'RadzenCard' with no matching start tag. [D:\Users\Xandro\Source\Repos\ModularSys\ModularSys.Inventory\ModularSys.Inventory.csproj]
D:\Users\Xandro\Source\Repos\ModularSys\ModularSys.Inventory\Pages\ProductIndex.razor(158,7): error RZ1034: Found a malformed 'RadzenCard' tag helper. Tag helpers must have a start and end tag or be self closing. [D:\Users\Xandro\Source\Repos\ModularSys\ModularSys.Inventory\ModularSys.Inventory.csproj]
D:\Users\Xandro\Source\Repos\ModularSys\ModularSys.Inventory\Pages\ProductIndex.razor(159,1): error RZ9981: Unexpected closing tag 'div' with no matching start tag. [D:\Users\Xandro\Source\Repos\ModularSys\ModularSys.Inventory\ModularSys.Inventory.csproj]
D:\Users\Xandro\Source\Repos\ModularSys\ModularSys.Inventory\Pages\ProductIndex.razor(159,3): error RZ1026: Encountered end tag "div" with no matching start tag.  Are your start/end tags properly balanced? [D:\Users\Xandro\Source\Repos\ModularSys\ModularSys.Inventory\ModularSys.Inventory.csproj]
D:\Users\Xandro\Source\Repos\ModularSys\ModularSys.Inventory\Pages\SalesOrderForm.razor(35,17): warning RZ10012: Found markup element with unexpected name 'RadzenCardHeader'. If this is intended to be a component, add a @using directive for its namespace. [D:\Users\Xandro\Source\Repos\ModularSys\ModularSys.Inventory\ModularSys.Inventory.csproj]
D:\Users\Xandro\Source\Repos\ModularSys\ModularSys.Inventory\Pages\SalesOrderForm.razor(41,17): warning RZ10012: Found markup element with unexpected name 'RadzenCardContent'. If this is intended to be a component, add a @using directive for its namespace. [D:\Users\Xandro\Source\Repos\ModularSys\ModularSys.Inventory\ModularSys.Inventory.csproj]
D:\Users\Xandro\Source\Repos\ModularSys\ModularSys.Inventory\Pages\SalesOrderForm.razor(81,17): warning RZ10012: Found markup element with unexpected name 'RadzenCardHeader'. If this is intended to be a component, add a @using directive for its namespace. [D:\Users\Xandro\Source\Repos\ModularSys\ModularSys.Inventory\ModularSys.Inventory.csproj]
D:\Users\Xandro\Source\Repos\ModularSys\ModularSys.Inventory\Pages\SalesOrderForm.razor(94,17): warning RZ10012: Found markup element with unexpected name 'RadzenCardContent'. If this is intended to be a component, add a @using directive for its namespace. [D:\Users\Xandro\Source\Repos\ModularSys\ModularSys.Inventory\ModularSys.Inventory.csproj]
D:\Users\Xandro\Source\Repos\ModularSys\ModularSys.Inventory\Pages\SalesOrderForm.razor(184,21): warning RZ10012: Found markup element with unexpected name 'RadzenCardHeader'. If this is intended to be a component, add a @using directive for its namespace. [D:\Users\Xandro\Source\Repos\ModularSys\ModularSys.Inventory\ModularSys.Inventory.csproj]
D:\Users\Xandro\Source\Repos\ModularSys\ModularSys.Inventory\Pages\SalesOrderForm.razor(190,21): warning RZ10012: Found markup element with unexpected name 'RadzenCardContent'. If this is intended to be a component, add a @using directive for its namespace. [D:\Users\Xandro\Source\Repos\ModularSys\ModularSys.Inventory\ModularSys.Inventory.csproj]
D:\Users\Xandro\Source\Repos\ModularSys\ModularSys.Inventory\Pages\SalesOrderForm.razor(202,37): warning RZ10012: Found markup element with unexpected name 'RadzenDivider'. If this is intended to be a component, add a @using directive for its namespace. [D:\Users\Xandro\Source\Repos\ModularSys\ModularSys.Inventory\ModularSys.Inventory.csproj]
D:\Users\Xandro\Source\Repos\ModularSys\ModularSys.Inventory\obj\Debug\net8.0\Microsoft.CodeAnalysis.Razor.Compiler\Microsoft.NET.Sdk.Razor.SourceGenerators.RazorSourceGenerator\Pages_ProductIndex_razor.g.cs(1301,14): error CS1513: } expected [D:\Users\Xandro\Source\Repos\ModularSys\ModularSys.Inventory\ModularSys.Inventory.csproj]
D:\Users\Xandro\Source\Repos\ModularSys\ModularSys.Inventory\Components\CancellationReasonDialog.razor(30,82): error CS0117: 'JustifyContent' does not contain a definition for 'FlexEnd' [D:\Users\Xandro\Source\Repos\ModularSys\ModularSys.Inventory\ModularSys.Inventory.csproj]
D:\Users\Xandro\Source\Repos\ModularSys\ModularSys.Inventory\Pages\CategoryForm.razor(39,132): error CS0266: Cannot implicitly convert type 'int?' to 'int'. An explicit conversion exists (are you missing a cast?) [D:\Users\Xandro\Source\Repos\ModularSys\ModularSys.Inventory\ModularSys.Inventory.csproj]
D:\Users\Xandro\Source\Repos\ModularSys\ModularSys.Inventory\Pages\CategoryForm.razor(58,82): error CS0117: 'JustifyContent' does not contain a definition for 'FlexEnd' [D:\Users\Xandro\Source\Repos\ModularSys\ModularSys.Inventory\ModularSys.Inventory.csproj]
D:\Users\Xandro\Source\Repos\ModularSys\ModularSys.Inventory\Pages\CategoryForm.razor(39,132): warning CS8629: Nullable value type may be null. [D:\Users\Xandro\Source\Repos\ModularSys\ModularSys.Inventory\ModularSys.Inventory.csproj]
D:\Users\Xandro\Source\Repos\ModularSys\ModularSys.Inventory\Services\BusinessAnalyticsService.cs(96,37): warning CS1998: This async method lacks 'await' operators and will run synchronously. Consider using the 'await' operator to await non-blocking API calls, or 'await Task.Run(...)' to do CPU-bound work on a background thread. [D:\Users\Xandro\Source\Repos\ModularSys\ModularSys.Inventory\ModularSys.Inventory.csproj]
D:\Users\Xandro\Source\Repos\ModularSys\ModularSys.Inventory\Services\RevenueService.cs(32,27): warning CS1998: This async method lacks 'await' operators and will run synchronously. Consider using the 'await' operator to await non-blocking API calls, or 'await Task.Run(...)' to do CPU-bound work on a background thread. [D:\Users\Xandro\Source\Repos\ModularSys\ModularSys.Inventory\ModularSys.Inventory.csproj]
D:\Users\Xandro\Source\Repos\ModularSys\ModularSys.Inventory\Components\ReportPreviewDialog.razor(146,82): error CS0117: 'JustifyContent' does not contain a definition for 'FlexEnd' [D:\Users\Xandro\Source\Repos\ModularSys\ModularSys.Inventory\ModularSys.Inventory.csproj]
D:\Users\Xandro\Source\Repos\ModularSys\ModularSys.Inventory\Pages\StockAlerts.razor(273,24): warning CS1998: This async method lacks 'await' operators and will run synchronously. Consider using the 'await' operator to await non-blocking API calls, or 'await Task.Run(...)' to do CPU-bound work on a background thread. [D:\Users\Xandro\Source\Repos\ModularSys\ModularSys.Inventory\ModularSys.Inventory.csproj]
D:\Users\Xandro\Source\Repos\ModularSys\ModularSys.Inventory\Pages\StockAlerts.razor(285,25): error CS0117: 'BadgeStyle' does not contain a definition for 'Default' [D:\Users\Xandro\Source\Repos\ModularSys\ModularSys.Inventory\ModularSys.Inventory.csproj]
D:\Users\Xandro\Source\Repos\ModularSys\ModularSys.Inventory\Pages\StockAlerts.razor(293,25): error CS0117: 'BadgeStyle' does not contain a definition for 'Default' [D:\Users\Xandro\Source\Repos\ModularSys\ModularSys.Inventory\ModularSys.Inventory.csproj]
D:\Users\Xandro\Source\Repos\ModularSys\ModularSys.Inventory\Pages\ProductForm.razor(42,126): error CS0266: Cannot implicitly convert type 'int?' to 'int'. An explicit conversion exists (are you missing a cast?) [D:\Users\Xandro\Source\Repos\ModularSys\ModularSys.Inventory\ModularSys.Inventory.csproj]
D:\Users\Xandro\Source\Repos\ModularSys\ModularSys.Inventory\Pages\ProductForm.razor(49,116): error CS0266: Cannot implicitly convert type 'decimal?' to 'decimal'. An explicit conversion exists (are you missing a cast?) [D:\Users\Xandro\Source\Repos\ModularSys\ModularSys.Inventory\ModularSys.Inventory.csproj]
D:\Users\Xandro\Source\Repos\ModularSys\ModularSys.Inventory\Pages\ProductForm.razor(66,122): error CS0266: Cannot implicitly convert type 'int?' to 'int'. An explicit conversion exists (are you missing a cast?) [D:\Users\Xandro\Source\Repos\ModularSys\ModularSys.Inventory\ModularSys.Inventory.csproj]
D:\Users\Xandro\Source\Repos\ModularSys\ModularSys.Inventory\Pages\ProductForm.razor(72,118): error CS0266: Cannot implicitly convert type 'int?' to 'int'. An explicit conversion exists (are you missing a cast?) [D:\Users\Xandro\Source\Repos\ModularSys\ModularSys.Inventory\ModularSys.Inventory.csproj]
D:\Users\Xandro\Source\Repos\ModularSys\ModularSys.Inventory\Pages\ProductForm.razor(115,82): error CS0117: 'JustifyContent' does not contain a definition for 'FlexEnd' [D:\Users\Xandro\Source\Repos\ModularSys\ModularSys.Inventory\ModularSys.Inventory.csproj]
D:\Users\Xandro\Source\Repos\ModularSys\ModularSys.Inventory\Pages\ProductForm.razor(42,126): warning CS8629: Nullable value type may be null. [D:\Users\Xandro\Source\Repos\ModularSys\ModularSys.Inventory\ModularSys.Inventory.csproj]
D:\Users\Xandro\Source\Repos\ModularSys\ModularSys.Inventory\Pages\ProductForm.razor(49,116): warning CS8629: Nullable value type may be null. [D:\Users\Xandro\Source\Repos\ModularSys\ModularSys.Inventory\ModularSys.Inventory.csproj]
D:\Users\Xandro\Source\Repos\ModularSys\ModularSys.Inventory\Pages\ProductForm.razor(66,122): warning CS8629: Nullable value type may be null. [D:\Users\Xandro\Source\Repos\ModularSys\ModularSys.Inventory\ModularSys.Inventory.csproj]
D:\Users\Xandro\Source\Repos\ModularSys\ModularSys.Inventory\Pages\ProductForm.razor(72,118): warning CS8629: Nullable value type may be null. [D:\Users\Xandro\Source\Repos\ModularSys\ModularSys.Inventory\ModularSys.Inventory.csproj]
D:\Users\Xandro\Source\Repos\ModularSys\ModularSys.Inventory\Pages\PurchaseOrderForm.razor(64,65): warning CS8629: Nullable value type may be null. [D:\Users\Xandro\Source\Repos\ModularSys\ModularSys.Inventory\ModularSys.Inventory.csproj]
D:\Users\Xandro\Source\Repos\ModularSys\ModularSys.Inventory\Pages\ProductForm.razor(160,31): error CS0120: An object reference is required for the non-static field, method, or property 'DialogService.Confirm(string, string, ConfirmOptions)' [D:\Users\Xandro\Source\Repos\ModularSys\ModularSys.Inventory\ModularSys.Inventory.csproj]
D:\Users\Xandro\Source\Repos\ModularSys\ModularSys.Inventory\Pages\PurchaseOrderForm.razor(89,44): error CS1501: No overload for method 'UpdateAsync' takes 2 arguments [D:\Users\Xandro\Source\Repos\ModularSys\ModularSys.Inventory\ModularSys.Inventory.csproj]
D:\Users\Xandro\Source\Repos\ModularSys\ModularSys.Inventory\Pages\PurchaseOrderForm.razor(94,56): error CS1503: Argument 1: cannot convert from 'ModularSys.Inventory.Models.PurchaseOrderMultiInputModel' to 'ModularSys.Data.Common.Entities.Inventory.PurchaseOrder' [D:\Users\Xandro\Source\Repos\ModularSys\ModularSys.Inventory\ModularSys.Inventory.csproj]
D:\Users\Xandro\Source\Repos\ModularSys\ModularSys.Inventory\Pages\PurchaseOrderForm.razor(89,56): warning CS8629: Nullable value type may be null. [D:\Users\Xandro\Source\Repos\ModularSys\ModularSys.Inventory\ModularSys.Inventory.csproj]
D:\Users\Xandro\Source\Repos\ModularSys\ModularSys.Inventory\Pages\SalesOrderIndex.razor(364,33): error CS0117: 'DialogOptions' does not contain a definition for 'CloseButton' [D:\Users\Xandro\Source\Repos\ModularSys\ModularSys.Inventory\ModularSys.Inventory.csproj]
D:\Users\Xandro\Source\Repos\ModularSys\ModularSys.Inventory\Pages\SalesOrderIndex.razor(364,53): error CS0117: 'DialogOptions' does not contain a definition for 'MaxWidth' [D:\Users\Xandro\Source\Repos\ModularSys\ModularSys.Inventory\ModularSys.Inventory.csproj]
D:\Users\Xandro\Source\Repos\ModularSys\ModularSys.Inventory\Pages\SalesOrderIndex.razor(364,64): error CS0103: The name 'MaxWidth' does not exist in the current context [D:\Users\Xandro\Source\Repos\ModularSys\ModularSys.Inventory\ModularSys.Inventory.csproj]
D:\Users\Xandro\Source\Repos\ModularSys\ModularSys.Inventory\Pages\SalesOrderIndex.razor(364,80): error CS0117: 'DialogOptions' does not contain a definition for 'FullWidth' [D:\Users\Xandro\Source\Repos\ModularSys\ModularSys.Inventory\ModularSys.Inventory.csproj]
D:\Users\Xandro\Source\Repos\ModularSys\ModularSys.Inventory\Pages\SalesOrderIndex.razor(362,36): error CS1061: 'DialogService' does not contain a definition for 'Show' and no accessible extension method 'Show' accepting a first argument of type 'DialogService' could be found (are you missing a using directive or an assembly reference?) [D:\Users\Xandro\Source\Repos\ModularSys\ModularSys.Inventory\ModularSys.Inventory.csproj]
D:\Users\Xandro\Source\Repos\ModularSys\ModularSys.Inventory\Pages\SalesOrderIndex.razor(377,30): error CS0246: The type or namespace name 'DialogParameters' could not be found (are you missing a using directive or an assembly reference?) [D:\Users\Xandro\Source\Repos\ModularSys\ModularSys.Inventory\ModularSys.Inventory.csproj]
D:\Users\Xandro\Source\Repos\ModularSys\ModularSys.Inventory\Pages\SalesOrderIndex.razor(382,33): error CS0117: 'DialogOptions' does not contain a definition for 'CloseButton' [D:\Users\Xandro\Source\Repos\ModularSys\ModularSys.Inventory\ModularSys.Inventory.csproj]
D:\Users\Xandro\Source\Repos\ModularSys\ModularSys.Inventory\Pages\SalesOrderIndex.razor(382,53): error CS0117: 'DialogOptions' does not contain a definition for 'MaxWidth' [D:\Users\Xandro\Source\Repos\ModularSys\ModularSys.Inventory\ModularSys.Inventory.csproj]
D:\Users\Xandro\Source\Repos\ModularSys\ModularSys.Inventory\Pages\SalesOrderIndex.razor(382,64): error CS0103: The name 'MaxWidth' does not exist in the current context [D:\Users\Xandro\Source\Repos\ModularSys\ModularSys.Inventory\ModularSys.Inventory.csproj]
D:\Users\Xandro\Source\Repos\ModularSys\ModularSys.Inventory\Pages\SalesOrderIndex.razor(382,80): error CS0117: 'DialogOptions' does not contain a definition for 'FullWidth' [D:\Users\Xandro\Source\Repos\ModularSys\ModularSys.Inventory\ModularSys.Inventory.csproj]
D:\Users\Xandro\Source\Repos\ModularSys\ModularSys.Inventory\Pages\SalesOrderIndex.razor(379,23): error CS1061: 'DialogService' does not contain a definition for 'Show' and no accessible extension method 'Show' accepting a first argument of type 'DialogService' could be found (are you missing a using directive or an assembly reference?) [D:\Users\Xandro\Source\Repos\ModularSys\ModularSys.Inventory\ModularSys.Inventory.csproj]
D:\Users\Xandro\Source\Repos\ModularSys\ModularSys.Inventory\Pages\SalesOrderIndex.razor(375,24): warning CS1998: This async method lacks 'await' operators and will run synchronously. Consider using the 'await' operator to await non-blocking API calls, or 'await Task.Run(...)' to do CPU-bound work on a background thread. [D:\Users\Xandro\Source\Repos\ModularSys\ModularSys.Inventory\ModularSys.Inventory.csproj]
D:\Users\Xandro\Source\Repos\ModularSys\ModularSys.Inventory\Pages\SalesOrderIndex.razor(388,30): error CS0246: The type or namespace name 'DialogParameters' could not be found (are you missing a using directive or an assembly reference?) [D:\Users\Xandro\Source\Repos\ModularSys\ModularSys.Inventory\ModularSys.Inventory.csproj]
D:\Users\Xandro\Source\Repos\ModularSys\ModularSys.Inventory\Pages\SalesOrderIndex.razor(393,33): error CS0117: 'DialogOptions' does not contain a definition for 'CloseButton' [D:\Users\Xandro\Source\Repos\ModularSys\ModularSys.Inventory\ModularSys.Inventory.csproj]
D:\Users\Xandro\Source\Repos\ModularSys\ModularSys.Inventory\Pages\SalesOrderIndex.razor(393,53): error CS0117: 'DialogOptions' does not contain a definition for 'MaxWidth' [D:\Users\Xandro\Source\Repos\ModularSys\ModularSys.Inventory\ModularSys.Inventory.csproj]
D:\Users\Xandro\Source\Repos\ModularSys\ModularSys.Inventory\Pages\SalesOrderIndex.razor(393,64): error CS0103: The name 'MaxWidth' does not exist in the current context [D:\Users\Xandro\Source\Repos\ModularSys\ModularSys.Inventory\ModularSys.Inventory.csproj]
D:\Users\Xandro\Source\Repos\ModularSys\ModularSys.Inventory\Pages\SalesOrderIndex.razor(393,80): error CS0117: 'DialogOptions' does not contain a definition for 'FullWidth' [D:\Users\Xandro\Source\Repos\ModularSys\ModularSys.Inventory\ModularSys.Inventory.csproj]
D:\Users\Xandro\Source\Repos\ModularSys\ModularSys.Inventory\Pages\SalesOrderIndex.razor(390,36): error CS1061: 'DialogService' does not contain a definition for 'Show' and no accessible extension method 'Show' accepting a first argument of type 'DialogService' could be found (are you missing a using directive or an assembly reference?) [D:\Users\Xandro\Source\Repos\ModularSys\ModularSys.Inventory\ModularSys.Inventory.csproj]
D:\Users\Xandro\Source\Repos\ModularSys\ModularSys.Inventory\Pages\SalesOrderIndex.razor(409,44): error CS1061: 'DialogService' does not contain a definition for 'ShowMessageBox' and no accessible extension method 'ShowMessageBox' accepting a first argument of type 'DialogService' could be found (are you missing a using directive or an assembly reference?) [D:\Users\Xandro\Source\Repos\ModularSys\ModularSys.Inventory\ModularSys.Inventory.csproj]
D:\Users\Xandro\Source\Repos\ModularSys\ModularSys.Inventory\Pages\SalesOrderIndex.razor(448,30): error CS0246: The type or namespace name 'DialogParameters' could not be found (are you missing a using directive or an assembly reference?) [D:\Users\Xandro\Source\Repos\ModularSys\ModularSys.Inventory\ModularSys.Inventory.csproj]
D:\Users\Xandro\Source\Repos\ModularSys\ModularSys.Inventory\Pages\SalesOrderIndex.razor(457,33): error CS0117: 'DialogOptions' does not contain a definition for 'CloseButton' [D:\Users\Xandro\Source\Repos\ModularSys\ModularSys.Inventory\ModularSys.Inventory.csproj]
D:\Users\Xandro\Source\Repos\ModularSys\ModularSys.Inventory\Pages\SalesOrderIndex.razor(457,53): error CS0117: 'DialogOptions' does not contain a definition for 'MaxWidth' [D:\Users\Xandro\Source\Repos\ModularSys\ModularSys.Inventory\ModularSys.Inventory.csproj]
D:\Users\Xandro\Source\Repos\ModularSys\ModularSys.Inventory\Pages\SalesOrderIndex.razor(457,64): error CS0103: The name 'MaxWidth' does not exist in the current context [D:\Users\Xandro\Source\Repos\ModularSys\ModularSys.Inventory\ModularSys.Inventory.csproj]
D:\Users\Xandro\Source\Repos\ModularSys\ModularSys.Inventory\Pages\SalesOrderIndex.razor(457,80): error CS0117: 'DialogOptions' does not contain a definition for 'FullWidth' [D:\Users\Xandro\Source\Repos\ModularSys\ModularSys.Inventory\ModularSys.Inventory.csproj]
D:\Users\Xandro\Source\Repos\ModularSys\ModularSys.Inventory\Pages\SalesOrderIndex.razor(456,36): error CS1061: 'DialogService' does not contain a definition for 'Show' and no accessible extension method 'Show' accepting a first argument of type 'DialogService' could be found (are you missing a using directive or an assembly reference?) [D:\Users\Xandro\Source\Repos\ModularSys\ModularSys.Inventory\ModularSys.Inventory.csproj]
D:\Users\Xandro\Source\Repos\ModularSys\ModularSys.Inventory\Pages\SalesOrderIndex.razor(460,99): error CS0165: Use of unassigned local variable 'cancellationReason' [D:\Users\Xandro\Source\Repos\ModularSys\ModularSys.Inventory\ModularSys.Inventory.csproj]
D:\Users\Xandro\Source\Repos\ModularSys\ModularSys.Inventory\Pages\SalesOrderIndex.razor(475,24): warning CS1998: This async method lacks 'await' operators and will run synchronously. Consider using the 'await' operator to await non-blocking API calls, or 'await Task.Run(...)' to do CPU-bound work on a background thread. [D:\Users\Xandro\Source\Repos\ModularSys\ModularSys.Inventory\ModularSys.Inventory.csproj]
D:\Users\Xandro\Source\Repos\ModularSys\ModularSys.Inventory\Pages\PurchaseOrderIndex.razor(388,24): warning CS1998: This async method lacks 'await' operators and will run synchronously. Consider using the 'await' operator to await non-blocking API calls, or 'await Task.Run(...)' to do CPU-bound work on a background thread. [D:\Users\Xandro\Source\Repos\ModularSys\ModularSys.Inventory\ModularSys.Inventory.csproj]
D:\Users\Xandro\Source\Repos\ModularSys\ModularSys.Inventory\Pages\SalesOrderForm.razor(27,106): warning CS8625: Cannot convert null literal to non-nullable reference type. [D:\Users\Xandro\Source\Repos\ModularSys\ModularSys.Inventory\ModularSys.Inventory.csproj]
D:\Users\Xandro\Source\Repos\ModularSys\ModularSys.Inventory\Pages\SalesOrderForm.razor(275,62): warning CS8629: Nullable value type may be null. [D:\Users\Xandro\Source\Repos\ModularSys\ModularSys.Inventory\ModularSys.Inventory.csproj]
D:\Users\Xandro\Source\Repos\ModularSys\ModularSys.Inventory\Pages\SalesOrderForm.razor(329,25): warning CS8625: Cannot convert null literal to non-nullable reference type. [D:\Users\Xandro\Source\Repos\ModularSys\ModularSys.Inventory\ModularSys.Inventory.csproj]
D:\Users\Xandro\Source\Repos\ModularSys\ModularSys.Inventory\Pages\SalesOrderForm.razor(343,74): warning CS8629: Nullable value type may be null. [D:\Users\Xandro\Source\Repos\ModularSys\ModularSys.Inventory\ModularSys.Inventory.csproj]
D:\Users\Xandro\Source\Repos\ModularSys\ModularSys.Inventory\Pages\SalesOrderForm.razor(239,20): warning CS8618: Non-nullable field '_errorMessage' must contain a non-null value when exiting constructor. Consider adding the 'required' modifier or declaring the field as nullable. [D:\Users\Xandro\Source\Repos\ModularSys\ModularSys.Inventory\ModularSys.Inventory.csproj]
D:\Users\Xandro\Source\Repos\ModularSys\ModularSys.Inventory\Pages\InventoryReports.razor(45,71): error CS0103: The name 'Size' does not exist in the current context [D:\Users\Xandro\Source\Repos\ModularSys\ModularSys.Inventory\ModularSys.Inventory.csproj]
D:\Users\Xandro\Source\Repos\ModularSys\ModularSys.Inventory\Pages\InventoryReports.razor(110,83): error CS0103: The name 'Size' does not exist in the current context [D:\Users\Xandro\Source\Repos\ModularSys\ModularSys.Inventory\ModularSys.Inventory.csproj]
D:\Users\Xandro\Source\Repos\ModularSys\ModularSys.Inventory\Pages\InventoryReports.razor(355,92): error CS0103: The name 'Severity' does not exist in the current context [D:\Users\Xandro\Source\Repos\ModularSys\ModularSys.Inventory\ModularSys.Inventory.csproj]
D:\Users\Xandro\Source\Repos\ModularSys\ModularSys.Inventory\Pages\InventoryReports.razor(355,111): error CS0103: The name 'Severity' does not exist in the current context [D:\Users\Xandro\Source\Repos\ModularSys\ModularSys.Inventory\ModularSys.Inventory.csproj]
D:\Users\Xandro\Source\Repos\ModularSys\ModularSys.Inventory\Pages\InventoryReports.razor(703,24): warning CS1998: This async method lacks 'await' operators and will run synchronously. Consider using the 'await' operator to await non-blocking API calls, or 'await Task.Run(...)' to do CPU-bound work on a background thread. [D:\Users\Xandro\Source\Repos\ModularSys\ModularSys.Inventory\ModularSys.Inventory.csproj]
D:\Users\Xandro\Source\Repos\ModularSys\ModularSys.Inventory\Services\AnalyticalReportService.cs(294,79): warning CS8602: Dereference of a possibly null reference. [D:\Users\Xandro\Source\Repos\ModularSys\ModularSys.Inventory\ModularSys.Inventory.csproj]

Build FAILED.

D:\Users\Xandro\Source\Repos\ModularSys\ModularSys\ModularSys.csproj : warning NU1603: ModularSys depends on Microsoft.AspNetCore.Components.WebView.Maui (>= 9.0.92) but Microsoft.AspNetCore.Components.WebView.Maui 9.0.92 was not found. Microsoft.AspNetCore.Components.WebView.Maui 9.0.100 was resolved instead. [D:\Users\Xandro\Source\Repos\ModularSys\ModularSys.sln]
D:\Users\Xandro\Source\Repos\ModularSys\ModularSys\ModularSys.csproj : warning NU1603: ModularSys depends on Microsoft.Maui.Controls (>= 9.0.92) but Microsoft.Maui.Controls 9.0.92 was not found. Microsoft.Maui.Controls 9.0.100 was resolved instead. [D:\Users\Xandro\Source\Repos\ModularSys\ModularSys.sln]
D:\Users\Xandro\Source\Repos\ModularSys\ModernSys.Data\Common\Entities\User.cs(35,16): warning CS8618: Non-nullable property 'FirstName' must contain a non-null value when exiting constructor. Consider adding the 'required' modifier or declaring the property as nullable. [D:\Users\Xandro\Source\Repos\ModularSys\ModernSys.Data\ModularSys.Data.csproj]
D:\Users\Xandro\Source\Repos\ModularSys\ModernSys.Data\Common\Entities\User.cs(35,16): warning CS8618: Non-nullable property 'LastName' must contain a non-null value when exiting constructor. Consider adding the 'required' modifier or declaring the property as nullable. [D:\Users\Xandro\Source\Repos\ModularSys\ModernSys.Data\ModularSys.Data.csproj]
D:\Users\Xandro\Source\Repos\ModularSys\ModernSys.Data\Common\Entities\User.cs(35,16): warning CS8618: Non-nullable property 'Email' must contain a non-null value when exiting constructor. Consider adding the 'required' modifier or declaring the property as nullable. [D:\Users\Xandro\Source\Repos\ModularSys\ModernSys.Data\ModularSys.Data.csproj]
D:\Users\Xandro\Source\Repos\ModularSys\ModernSys.Data\Common\Entities\User.cs(35,16): warning CS8618: Non-nullable property 'Role' must contain a non-null value when exiting constructor. Consider adding the 'required' modifier or declaring the property as nullable. [D:\Users\Xandro\Source\Repos\ModularSys\ModernSys.Data\ModularSys.Data.csproj]
D:\Users\Xandro\Source\Repos\ModularSys\ModernSys.Data\Common\Entities\User.cs(35,16): warning CS8618: Non-nullable property 'Department' must contain a non-null value when exiting constructor. Consider adding the 'required' modifier or declaring the property as nullable. [D:\Users\Xandro\Source\Repos\ModularSys\ModernSys.Data\ModularSys.Data.csproj]
D:\Users\Xandro\Source\Repos\ModularSys\ModernSys.Data\Common\Entities\User.cs(38,16): warning CS8618: Non-nullable property 'Role' must contain a non-null value when exiting constructor. Consider adding the 'required' modifier or declaring the property as nullable. [D:\Users\Xandro\Source\Repos\ModularSys\ModernSys.Data\ModularSys.Data.csproj]
D:\Users\Xandro\Source\Repos\ModularSys\ModernSys.Data\Common\Entities\User.cs(38,16): warning CS8618: Non-nullable property 'Department' must contain a non-null value when exiting constructor. Consider adding the 'required' modifier or declaring the property as nullable. [D:\Users\Xandro\Source\Repos\ModularSys\ModernSys.Data\ModularSys.Data.csproj]
D:\Users\Xandro\Source\Repos\ModularSys\ModernSys.Data\Common\Services\Sync\SyncService.cs(652,57): warning EF1002: Method 'ExecuteSqlRawAsync' inserts interpolated strings directly into the SQL, without any protection against SQL injection. Consider using 'ExecuteSqlAsync' instead, which protects against SQL injection, or make sure that the value is sanitized and suppress the warning. [D:\Users\Xandro\Source\Repos\ModularSys\ModernSys.Data\ModularSys.Data.csproj]
D:\Users\Xandro\Source\Repos\ModularSys\ModernSys.Data\Common\Services\Sync\SyncService.cs(658,57): warning EF1002: Method 'ExecuteSqlRawAsync' inserts interpolated strings directly into the SQL, without any protection against SQL injection. Consider using 'ExecuteSqlAsync' instead, which protects against SQL injection, or make sure that the value is sanitized and suppress the warning. [D:\Users\Xandro\Source\Repos\ModularSys\ModernSys.Data\ModularSys.Data.csproj]
D:\Users\Xandro\Source\Repos\ModularSys\ModernSys.Data\Common\Services\Sync\SyncService.cs(731,57): warning EF1002: Method 'ExecuteSqlRawAsync' inserts interpolated strings directly into the SQL, without any protection against SQL injection. Consider using 'ExecuteSqlAsync' instead, which protects against SQL injection, or make sure that the value is sanitized and suppress the warning. [D:\Users\Xandro\Source\Repos\ModularSys\ModernSys.Data\ModularSys.Data.csproj]
D:\Users\Xandro\Source\Repos\ModularSys\ModernSys.Data\Common\Services\Sync\SyncService.cs(737,57): warning EF1002: Method 'ExecuteSqlRawAsync' inserts interpolated strings directly into the SQL, without any protection against SQL injection. Consider using 'ExecuteSqlAsync' instead, which protects against SQL injection, or make sure that the value is sanitized and suppress the warning. [D:\Users\Xandro\Source\Repos\ModularSys\ModernSys.Data\ModularSys.Data.csproj]
D:\Users\Xandro\Source\Repos\ModularSys\ModularSys.Core\Security\DynamicAuthPolicyProvider.cs(19,39): warning CS8613: Nullability of reference types in return type of 'Task<AuthorizationPolicy?> DynamicAuthPolicyProvider.GetDefaultPolicyAsync()' doesn't match implicitly implemented member 'Task<AuthorizationPolicy> IAuthorizationPolicyProvider.GetDefaultPolicyAsync()'. [D:\Users\Xandro\Source\Repos\ModularSys\ModularSys.Core\ModularSys.Core.csproj]
D:\Users\Xandro\Source\Repos\ModularSys\ModularSys.Core\Security\DynamicAuthPolicyProvider.cs(20,12): warning CS8619: Nullability of reference types in value of type 'Task<AuthorizationPolicy>' doesn't match target type 'Task<AuthorizationPolicy?>'. [D:\Users\Xandro\Source\Repos\ModularSys\ModularSys.Core\ModularSys.Core.csproj]
D:\Users\Xandro\Source\Repos\ModularSys\ModularSys.Core\Services\RolePermissionService.cs(88,16): warning CS8619: Nullability of reference types in value of type 'List<Permission?>' doesn't match target type 'List<Permission>'. [D:\Users\Xandro\Source\Repos\ModularSys\ModularSys.Core\ModularSys.Core.csproj]
D:\Users\Xandro\Source\Repos\ModularSys\ModularSys.Core\Services\RolePermissionService.cs(99,16): warning CS8619: Nullability of reference types in value of type 'List<Permission?>' doesn't match target type 'List<Permission>'. [D:\Users\Xandro\Source\Repos\ModularSys\ModularSys.Core\ModularSys.Core.csproj]
D:\Users\Xandro\Source\Repos\ModularSys\ModularSys.Core\Services\AuthService.cs(187,27): warning CS1998: This async method lacks 'await' operators and will run synchronously. Consider using the 'await' operator to await non-blocking API calls, or 'await Task.Run(...)' to do CPU-bound work on a background thread. [D:\Users\Xandro\Source\Repos\ModularSys\ModularSys.Core\ModularSys.Core.csproj]
D:\Users\Xandro\Source\Repos\ModularSys\ModularSys.Core\Services\DashboardService.cs(217,65): warning CS8602: Dereference of a possibly null reference. [D:\Users\Xandro\Source\Repos\ModularSys\ModularSys.Core\ModularSys.Core.csproj]
D:\Users\Xandro\Source\Repos\ModularSys\ModularSys.Core\Services\DashboardService.cs(243,43): warning CS1998: This async method lacks 'await' operators and will run synchronously. Consider using the 'await' operator to await non-blocking API calls, or 'await Task.Run(...)' to do CPU-bound work on a background thread. [D:\Users\Xandro\Source\Repos\ModularSys\ModularSys.Core\ModularSys.Core.csproj]
D:\Users\Xandro\Source\Repos\ModularSys\ModularSys\ModularSys.csproj : warning NU1603: ModularSys depends on Microsoft.AspNetCore.Components.WebView.Maui (>= 9.0.92) but Microsoft.AspNetCore.Components.WebView.Maui 9.0.92 was not found. Microsoft.AspNetCore.Components.WebView.Maui 9.0.100 was resolved instead. [TargetFramework=net9.0-windows10.0.19041.0]
D:\Users\Xandro\Source\Repos\ModularSys\ModularSys\ModularSys.csproj : warning NU1603: ModularSys depends on Microsoft.Maui.Controls (>= 9.0.92) but Microsoft.Maui.Controls 9.0.92 was not found. Microsoft.Maui.Controls 9.0.100 was resolved instead. [TargetFramework=net9.0-windows10.0.19041.0]
D:\Users\Xandro\Source\Repos\ModularSys\ModularSys.Inventory\Components\ReportPreviewDialog.razor(30,13): warning RZ10012: Found markup element with unexpected name 'RadzenSeparator'. If this is intended to be a component, add a @using directive for its namespace. [D:\Users\Xandro\Source\Repos\ModularSys\ModularSys.Inventory\ModularSys.Inventory.csproj]
D:\Users\Xandro\Source\Repos\ModularSys\ModularSys.Inventory\Components\ReportPreviewDialog.razor(113,13): warning RZ10012: Found markup element with unexpected name 'RadzenList'. If this is intended to be a component, add a @using directive for its namespace. [D:\Users\Xandro\Source\Repos\ModularSys\ModularSys.Inventory\ModularSys.Inventory.csproj]
D:\Users\Xandro\Source\Repos\ModularSys\ModularSys.Inventory\Components\ReportPreviewDialog.razor(114,17): warning RZ10012: Found markup element with unexpected name 'RadzenListItem'. If this is intended to be a component, add a @using directive for its namespace. [D:\Users\Xandro\Source\Repos\ModularSys\ModularSys.Inventory\ModularSys.Inventory.csproj]
D:\Users\Xandro\Source\Repos\ModularSys\ModularSys.Inventory\Components\ReportPreviewDialog.razor(118,17): warning RZ10012: Found markup element with unexpected name 'RadzenListItem'. If this is intended to be a component, add a @using directive for its namespace. [D:\Users\Xandro\Source\Repos\ModularSys\ModularSys.Inventory\ModularSys.Inventory.csproj]
D:\Users\Xandro\Source\Repos\ModularSys\ModularSys.Inventory\Components\ReportPreviewDialog.razor(122,17): warning RZ10012: Found markup element with unexpected name 'RadzenListItem'. If this is intended to be a component, add a @using directive for its namespace. [D:\Users\Xandro\Source\Repos\ModularSys\ModularSys.Inventory\ModularSys.Inventory.csproj]
D:\Users\Xandro\Source\Repos\ModularSys\ModularSys.Inventory\Components\ReportPreviewDialog.razor(126,17): warning RZ10012: Found markup element with unexpected name 'RadzenListItem'. If this is intended to be a component, add a @using directive for its namespace. [D:\Users\Xandro\Source\Repos\ModularSys\ModularSys.Inventory\ModularSys.Inventory.csproj]
D:\Users\Xandro\Source\Repos\ModularSys\ModularSys.Inventory\Components\ReportPreviewDialog.razor(133,13): warning RZ10012: Found markup element with unexpected name 'RadzenSeparator'. If this is intended to be a component, add a @using directive for its namespace. [D:\Users\Xandro\Source\Repos\ModularSys\ModularSys.Inventory\ModularSys.Inventory.csproj]
D:\Users\Xandro\Source\Repos\ModularSys\ModularSys.Inventory\Pages\Inventory.razor(23,17): warning RZ10012: Found markup element with unexpected name 'RadzenTab'. If this is intended to be a component, add a @using directive for its namespace. [D:\Users\Xandro\Source\Repos\ModularSys\ModularSys.Inventory\ModularSys.Inventory.csproj]
D:\Users\Xandro\Source\Repos\ModularSys\ModularSys.Inventory\Pages\Inventory.razor(28,17): warning RZ10012: Found markup element with unexpected name 'RadzenTab'. If this is intended to be a component, add a @using directive for its namespace. [D:\Users\Xandro\Source\Repos\ModularSys\ModularSys.Inventory\ModularSys.Inventory.csproj]
D:\Users\Xandro\Source\Repos\ModularSys\ModularSys.Inventory\Pages\Inventory.razor(33,17): warning RZ10012: Found markup element with unexpected name 'RadzenTab'. If this is intended to be a component, add a @using directive for its namespace. [D:\Users\Xandro\Source\Repos\ModularSys\ModularSys.Inventory\ModularSys.Inventory.csproj]
D:\Users\Xandro\Source\Repos\ModularSys\ModularSys.Inventory\Pages\Inventory.razor(38,17): warning RZ10012: Found markup element with unexpected name 'RadzenTab'. If this is intended to be a component, add a @using directive for its namespace. [D:\Users\Xandro\Source\Repos\ModularSys\ModularSys.Inventory\ModularSys.Inventory.csproj]
D:\Users\Xandro\Source\Repos\ModularSys\ModularSys.Inventory\Pages\Inventory.razor(43,17): warning RZ10012: Found markup element with unexpected name 'RadzenTab'. If this is intended to be a component, add a @using directive for its namespace. [D:\Users\Xandro\Source\Repos\ModularSys\ModularSys.Inventory\ModularSys.Inventory.csproj]
D:\Users\Xandro\Source\Repos\ModularSys\ModularSys.Inventory\Pages\Inventory.razor(48,17): warning RZ10012: Found markup element with unexpected name 'RadzenTab'. If this is intended to be a component, add a @using directive for its namespace. [D:\Users\Xandro\Source\Repos\ModularSys\ModularSys.Inventory\ModularSys.Inventory.csproj]
D:\Users\Xandro\Source\Repos\ModularSys\ModularSys.Inventory\Pages\Inventory.razor(49,21): warning RZ10012: Found markup element with unexpected name 'InventoryTransactionIndex'. If this is intended to be a component, add a @using directive for its namespace. [D:\Users\Xandro\Source\Repos\ModularSys\ModularSys.Inventory\ModularSys.Inventory.csproj]
D:\Users\Xandro\Source\Repos\ModularSys\ModularSys.Inventory\Pages\Inventory.razor(53,17): warning RZ10012: Found markup element with unexpected name 'RadzenTab'. If this is intended to be a component, add a @using directive for its namespace. [D:\Users\Xandro\Source\Repos\ModularSys\ModularSys.Inventory\ModularSys.Inventory.csproj]
D:\Users\Xandro\Source\Repos\ModularSys\ModularSys.Inventory\Pages\Inventory.razor(58,17): warning RZ10012: Found markup element with unexpected name 'RadzenTab'. If this is intended to be a component, add a @using directive for its namespace. [D:\Users\Xandro\Source\Repos\ModularSys\ModularSys.Inventory\ModularSys.Inventory.csproj]
D:\Users\Xandro\Source\Repos\ModularSys\ModularSys.Inventory\Pages\Inventory.razor(63,17): warning RZ10012: Found markup element with unexpected name 'RadzenTab'. If this is intended to be a component, add a @using directive for its namespace. [D:\Users\Xandro\Source\Repos\ModularSys\ModularSys.Inventory\ModularSys.Inventory.csproj]
D:\Users\Xandro\Source\Repos\ModularSys\ModularSys.Inventory\Pages\InventoryReports.razor(18,13): warning RZ10012: Found markup element with unexpected name 'RadzenCardContent'. If this is intended to be a component, add a @using directive for its namespace. [D:\Users\Xandro\Source\Repos\ModularSys\ModularSys.Inventory\ModularSys.Inventory.csproj]
D:\Users\Xandro\Source\Repos\ModularSys\ModularSys.Inventory\Pages\InventoryReports.razor(59,17): warning RZ10012: Found markup element with unexpected name 'RadzenCardContent'. If this is intended to be a component, add a @using directive for its namespace. [D:\Users\Xandro\Source\Repos\ModularSys\ModularSys.Inventory\ModularSys.Inventory.csproj]
D:\Users\Xandro\Source\Repos\ModularSys\ModularSys.Inventory\Pages\InventoryReports.razor(108,21): warning RZ10012: Found markup element with unexpected name 'RadzenCardContent'. If this is intended to be a component, add a @using directive for its namespace. [D:\Users\Xandro\Source\Repos\ModularSys\ModularSys.Inventory\ModularSys.Inventory.csproj]
D:\Users\Xandro\Source\Repos\ModularSys\ModularSys.Inventory\Pages\InventoryReports.razor(125,25): warning RZ10012: Found markup element with unexpected name 'RadzenCardHeader'. If this is intended to be a component, add a @using directive for its namespace. [D:\Users\Xandro\Source\Repos\ModularSys\ModularSys.Inventory\ModularSys.Inventory.csproj]
D:\Users\Xandro\Source\Repos\ModularSys\ModularSys.Inventory\Pages\InventoryReports.razor(134,25): warning RZ10012: Found markup element with unexpected name 'RadzenCardContent'. If this is intended to be a component, add a @using directive for its namespace. [D:\Users\Xandro\Source\Repos\ModularSys\ModularSys.Inventory\ModularSys.Inventory.csproj]
D:\Users\Xandro\Source\Repos\ModularSys\ModularSys.Inventory\Pages\InventoryReports.razor(139,41): warning RZ10012: Found markup element with unexpected name 'RadzenCardContent'. If this is intended to be a component, add a @using directive for its namespace. [D:\Users\Xandro\Source\Repos\ModularSys\ModularSys.Inventory\ModularSys.Inventory.csproj]
D:\Users\Xandro\Source\Repos\ModularSys\ModularSys.Inventory\Pages\InventoryReports.razor(150,41): warning RZ10012: Found markup element with unexpected name 'RadzenCardContent'. If this is intended to be a component, add a @using directive for its namespace. [D:\Users\Xandro\Source\Repos\ModularSys\ModularSys.Inventory\ModularSys.Inventory.csproj]
D:\Users\Xandro\Source\Repos\ModularSys\ModularSys.Inventory\Pages\InventoryReports.razor(161,41): warning RZ10012: Found markup element with unexpected name 'RadzenCardContent'. If this is intended to be a component, add a @using directive for its namespace. [D:\Users\Xandro\Source\Repos\ModularSys\ModularSys.Inventory\ModularSys.Inventory.csproj]
D:\Users\Xandro\Source\Repos\ModularSys\ModularSys.Inventory\Pages\InventoryReports.razor(191,25): warning RZ10012: Found markup element with unexpected name 'RadzenCardHeader'. If this is intended to be a component, add a @using directive for its namespace. [D:\Users\Xandro\Source\Repos\ModularSys\ModularSys.Inventory\ModularSys.Inventory.csproj]
D:\Users\Xandro\Source\Repos\ModularSys\ModularSys.Inventory\Pages\InventoryReports.razor(200,25): warning RZ10012: Found markup element with unexpected name 'RadzenCardContent'. If this is intended to be a component, add a @using directive for its namespace. [D:\Users\Xandro\Source\Repos\ModularSys\ModularSys.Inventory\ModularSys.Inventory.csproj]
D:\Users\Xandro\Source\Repos\ModularSys\ModularSys.Inventory\Pages\InventoryReports.razor(205,41): warning RZ10012: Found markup element with unexpected name 'RadzenCardContent'. If this is intended to be a component, add a @using directive for its namespace. [D:\Users\Xandro\Source\Repos\ModularSys\ModularSys.Inventory\ModularSys.Inventory.csproj]
D:\Users\Xandro\Source\Repos\ModularSys\ModularSys.Inventory\Pages\InventoryReports.razor(216,41): warning RZ10012: Found markup element with unexpected name 'RadzenCardContent'. If this is intended to be a component, add a @using directive for its namespace. [D:\Users\Xandro\Source\Repos\ModularSys\ModularSys.Inventory\ModularSys.Inventory.csproj]
D:\Users\Xandro\Source\Repos\ModularSys\ModularSys.Inventory\Pages\InventoryReports.razor(227,41): warning RZ10012: Found markup element with unexpected name 'RadzenCardContent'. If this is intended to be a component, add a @using directive for its namespace. [D:\Users\Xandro\Source\Repos\ModularSys\ModularSys.Inventory\ModularSys.Inventory.csproj]
D:\Users\Xandro\Source\Repos\ModularSys\ModularSys.Inventory\Pages\InventoryReports.razor(238,41): warning RZ10012: Found markup element with unexpected name 'RadzenCardContent'. If this is intended to be a component, add a @using directive for its namespace. [D:\Users\Xandro\Source\Repos\ModularSys\ModularSys.Inventory\ModularSys.Inventory.csproj]
D:\Users\Xandro\Source\Repos\ModularSys\ModularSys.Inventory\Pages\InventoryReports.razor(273,25): warning RZ10012: Found markup element with unexpected name 'RadzenCardHeader'. If this is intended to be a component, add a @using directive for its namespace. [D:\Users\Xandro\Source\Repos\ModularSys\ModularSys.Inventory\ModularSys.Inventory.csproj]
D:\Users\Xandro\Source\Repos\ModularSys\ModularSys.Inventory\Pages\InventoryReports.razor(282,25): warning RZ10012: Found markup element with unexpected name 'RadzenCardContent'. If this is intended to be a component, add a @using directive for its namespace. [D:\Users\Xandro\Source\Repos\ModularSys\ModularSys.Inventory\ModularSys.Inventory.csproj]
D:\Users\Xandro\Source\Repos\ModularSys\ModularSys.Inventory\Pages\InventoryReports.razor(287,41): warning RZ10012: Found markup element with unexpected name 'RadzenCardContent'. If this is intended to be a component, add a @using directive for its namespace. [D:\Users\Xandro\Source\Repos\ModularSys\ModularSys.Inventory\ModularSys.Inventory.csproj]
D:\Users\Xandro\Source\Repos\ModularSys\ModularSys.Inventory\Pages\InventoryReports.razor(298,41): warning RZ10012: Found markup element with unexpected name 'RadzenCardContent'. If this is intended to be a component, add a @using directive for its namespace. [D:\Users\Xandro\Source\Repos\ModularSys\ModularSys.Inventory\ModularSys.Inventory.csproj]
D:\Users\Xandro\Source\Repos\ModularSys\ModularSys.Inventory\Pages\InventoryReports.razor(309,41): warning RZ10012: Found markup element with unexpected name 'RadzenCardContent'. If this is intended to be a component, add a @using directive for its namespace. [D:\Users\Xandro\Source\Repos\ModularSys\ModularSys.Inventory\ModularSys.Inventory.csproj]
D:\Users\Xandro\Source\Repos\ModularSys\ModularSys.Inventory\Pages\InventoryReports.razor(344,25): warning RZ10012: Found markup element with unexpected name 'RadzenCardHeader'. If this is intended to be a component, add a @using directive for its namespace. [D:\Users\Xandro\Source\Repos\ModularSys\ModularSys.Inventory\ModularSys.Inventory.csproj]
D:\Users\Xandro\Source\Repos\ModularSys\ModularSys.Inventory\Pages\InventoryReports.razor(353,25): warning RZ10012: Found markup element with unexpected name 'RadzenCardContent'. If this is intended to be a component, add a @using directive for its namespace. [D:\Users\Xandro\Source\Repos\ModularSys\ModularSys.Inventory\ModularSys.Inventory.csproj]
D:\Users\Xandro\Source\Repos\ModularSys\ModularSys.Inventory\Pages\InventoryReports.razor(367,41): warning RZ10012: Found markup element with unexpected name 'RadzenCardContent'. If this is intended to be a component, add a @using directive for its namespace. [D:\Users\Xandro\Source\Repos\ModularSys\ModularSys.Inventory\ModularSys.Inventory.csproj]
D:\Users\Xandro\Source\Repos\ModularSys\ModularSys.Inventory\Pages\InventoryReports.razor(378,41): warning RZ10012: Found markup element with unexpected name 'RadzenCardContent'. If this is intended to be a component, add a @using directive for its namespace. [D:\Users\Xandro\Source\Repos\ModularSys\ModularSys.Inventory\ModularSys.Inventory.csproj]
D:\Users\Xandro\Source\Repos\ModularSys\ModularSys.Inventory\Pages\InventoryReports.razor(389,41): warning RZ10012: Found markup element with unexpected name 'RadzenCardContent'. If this is intended to be a component, add a @using directive for its namespace. [D:\Users\Xandro\Source\Repos\ModularSys\ModularSys.Inventory\ModularSys.Inventory.csproj]
D:\Users\Xandro\Source\Repos\ModularSys\ModularSys.Inventory\Pages\InventoryReports.razor(400,41): warning RZ10012: Found markup element with unexpected name 'RadzenCardContent'. If this is intended to be a component, add a @using directive for its namespace. [D:\Users\Xandro\Source\Repos\ModularSys\ModularSys.Inventory\ModularSys.Inventory.csproj]
D:\Users\Xandro\Source\Repos\ModularSys\ModularSys.Inventory\Pages\InventoryReports.razor(480,25): warning RZ10012: Found markup element with unexpected name 'RadzenCardContent'. If this is intended to be a component, add a @using directive for its namespace. [D:\Users\Xandro\Source\Repos\ModularSys\ModularSys.Inventory\ModularSys.Inventory.csproj]
D:\Users\Xandro\Source\Repos\ModularSys\ModularSys.Inventory\Pages\InventoryReports.razor(499,25): warning RZ10012: Found markup element with unexpected name 'RadzenCardContent'. If this is intended to be a component, add a @using directive for its namespace. [D:\Users\Xandro\Source\Repos\ModularSys\ModularSys.Inventory\ModularSys.Inventory.csproj]
D:\Users\Xandro\Source\Repos\ModularSys\ModularSys.Inventory\Pages\InventoryReports.razor(518,25): warning RZ10012: Found markup element with unexpected name 'RadzenCardContent'. If this is intended to be a component, add a @using directive for its namespace. [D:\Users\Xandro\Source\Repos\ModularSys\ModularSys.Inventory\ModularSys.Inventory.csproj]
D:\Users\Xandro\Source\Repos\ModularSys\ModularSys.Inventory\Pages\InventoryReports.razor(537,25): warning RZ10012: Found markup element with unexpected name 'RadzenCardContent'. If this is intended to be a component, add a @using directive for its namespace. [D:\Users\Xandro\Source\Repos\ModularSys\ModularSys.Inventory\ModularSys.Inventory.csproj]
D:\Users\Xandro\Source\Repos\ModularSys\ModularSys.Inventory\Pages\InventoryReports.razor(559,21): warning RZ10012: Found markup element with unexpected name 'RadzenCardHeader'. If this is intended to be a component, add a @using directive for its namespace. [D:\Users\Xandro\Source\Repos\ModularSys\ModularSys.Inventory\ModularSys.Inventory.csproj]
D:\Users\Xandro\Source\Repos\ModularSys\ModularSys.Inventory\Pages\InventoryReports.razor(560,25): warning RZ10012: Found markup element with unexpected name 'RadzenCardContent'. If this is intended to be a component, add a @using directive for its namespace. [D:\Users\Xandro\Source\Repos\ModularSys\ModularSys.Inventory\ModularSys.Inventory.csproj]
D:\Users\Xandro\Source\Repos\ModularSys\ModularSys.Inventory\Pages\InventoryReports.razor(570,21): warning RZ10012: Found markup element with unexpected name 'RadzenCardContent'. If this is intended to be a component, add a @using directive for its namespace. [D:\Users\Xandro\Source\Repos\ModularSys\ModularSys.Inventory\ModularSys.Inventory.csproj]
D:\Users\Xandro\Source\Repos\ModularSys\ModularSys.Inventory\Pages\ProductIndex.razor(98,17): warning RZ10012: Found markup element with unexpected name 'Columns'. If this is intended to be a component, add a @using directive for its namespace. [D:\Users\Xandro\Source\Repos\ModularSys\ModularSys.Inventory\ModularSys.Inventory.csproj]
D:\Users\Xandro\Source\Repos\ModularSys\ModularSys.Inventory\Pages\ProductIndex.razor(122,25): warning RZ10012: Found markup element with unexpected name 'Template'. If this is intended to be a component, add a @using directive for its namespace. [D:\Users\Xandro\Source\Repos\ModularSys\ModularSys.Inventory\ModularSys.Inventory.csproj]
D:\Users\Xandro\Source\Repos\ModularSys\ModularSys.Inventory\Pages\ProductIndex.razor(132,25): warning RZ10012: Found markup element with unexpected name 'Template'. If this is intended to be a component, add a @using directive for its namespace. [D:\Users\Xandro\Source\Repos\ModularSys\ModularSys.Inventory\ModularSys.Inventory.csproj]
D:\Users\Xandro\Source\Repos\ModularSys\ModularSys.Inventory\Pages\SalesOrderForm.razor(35,17): warning RZ10012: Found markup element with unexpected name 'RadzenCardHeader'. If this is intended to be a component, add a @using directive for its namespace. [D:\Users\Xandro\Source\Repos\ModularSys\ModularSys.Inventory\ModularSys.Inventory.csproj]
D:\Users\Xandro\Source\Repos\ModularSys\ModularSys.Inventory\Pages\SalesOrderForm.razor(41,17): warning RZ10012: Found markup element with unexpected name 'RadzenCardContent'. If this is intended to be a component, add a @using directive for its namespace. [D:\Users\Xandro\Source\Repos\ModularSys\ModularSys.Inventory\ModularSys.Inventory.csproj]
D:\Users\Xandro\Source\Repos\ModularSys\ModularSys.Inventory\Pages\SalesOrderForm.razor(81,17): warning RZ10012: Found markup element with unexpected name 'RadzenCardHeader'. If this is intended to be a component, add a @using directive for its namespace. [D:\Users\Xandro\Source\Repos\ModularSys\ModularSys.Inventory\ModularSys.Inventory.csproj]
D:\Users\Xandro\Source\Repos\ModularSys\ModularSys.Inventory\Pages\SalesOrderForm.razor(94,17): warning RZ10012: Found markup element with unexpected name 'RadzenCardContent'. If this is intended to be a component, add a @using directive for its namespace. [D:\Users\Xandro\Source\Repos\ModularSys\ModularSys.Inventory\ModularSys.Inventory.csproj]
D:\Users\Xandro\Source\Repos\ModularSys\ModularSys.Inventory\Pages\SalesOrderForm.razor(184,21): warning RZ10012: Found markup element with unexpected name 'RadzenCardHeader'. If this is intended to be a component, add a @using directive for its namespace. [D:\Users\Xandro\Source\Repos\ModularSys\ModularSys.Inventory\ModularSys.Inventory.csproj]
D:\Users\Xandro\Source\Repos\ModularSys\ModularSys.Inventory\Pages\SalesOrderForm.razor(190,21): warning RZ10012: Found markup element with unexpected name 'RadzenCardContent'. If this is intended to be a component, add a @using directive for its namespace. [D:\Users\Xandro\Source\Repos\ModularSys\ModularSys.Inventory\ModularSys.Inventory.csproj]
D:\Users\Xandro\Source\Repos\ModularSys\ModularSys.Inventory\Pages\SalesOrderForm.razor(202,37): warning RZ10012: Found markup element with unexpected name 'RadzenDivider'. If this is intended to be a component, add a @using directive for its namespace. [D:\Users\Xandro\Source\Repos\ModularSys\ModularSys.Inventory\ModularSys.Inventory.csproj]
D:\Users\Xandro\Source\Repos\ModularSys\ModularSys.Inventory\Pages\CategoryForm.razor(39,132): warning CS8629: Nullable value type may be null. [D:\Users\Xandro\Source\Repos\ModularSys\ModularSys.Inventory\ModularSys.Inventory.csproj]
D:\Users\Xandro\Source\Repos\ModularSys\ModularSys.Inventory\Services\BusinessAnalyticsService.cs(96,37): warning CS1998: This async method lacks 'await' operators and will run synchronously. Consider using the 'await' operator to await non-blocking API calls, or 'await Task.Run(...)' to do CPU-bound work on a background thread. [D:\Users\Xandro\Source\Repos\ModularSys\ModularSys.Inventory\ModularSys.Inventory.csproj]
D:\Users\Xandro\Source\Repos\ModularSys\ModularSys.Inventory\Services\RevenueService.cs(32,27): warning CS1998: This async method lacks 'await' operators and will run synchronously. Consider using the 'await' operator to await non-blocking API calls, or 'await Task.Run(...)' to do CPU-bound work on a background thread. [D:\Users\Xandro\Source\Repos\ModularSys\ModularSys.Inventory\ModularSys.Inventory.csproj]
D:\Users\Xandro\Source\Repos\ModularSys\ModularSys.Inventory\Pages\StockAlerts.razor(273,24): warning CS1998: This async method lacks 'await' operators and will run synchronously. Consider using the 'await' operator to await non-blocking API calls, or 'await Task.Run(...)' to do CPU-bound work on a background thread. [D:\Users\Xandro\Source\Repos\ModularSys\ModularSys.Inventory\ModularSys.Inventory.csproj]
D:\Users\Xandro\Source\Repos\ModularSys\ModularSys.Inventory\Pages\ProductForm.razor(42,126): warning CS8629: Nullable value type may be null. [D:\Users\Xandro\Source\Repos\ModularSys\ModularSys.Inventory\ModularSys.Inventory.csproj]
D:\Users\Xandro\Source\Repos\ModularSys\ModularSys.Inventory\Pages\ProductForm.razor(49,116): warning CS8629: Nullable value type may be null. [D:\Users\Xandro\Source\Repos\ModularSys\ModularSys.Inventory\ModularSys.Inventory.csproj]
D:\Users\Xandro\Source\Repos\ModularSys\ModularSys.Inventory\Pages\ProductForm.razor(66,122): warning CS8629: Nullable value type may be null. [D:\Users\Xandro\Source\Repos\ModularSys\ModularSys.Inventory\ModularSys.Inventory.csproj]
D:\Users\Xandro\Source\Repos\ModularSys\ModularSys.Inventory\Pages\ProductForm.razor(72,118): warning CS8629: Nullable value type may be null. [D:\Users\Xandro\Source\Repos\ModularSys\ModularSys.Inventory\ModularSys.Inventory.csproj]
D:\Users\Xandro\Source\Repos\ModularSys\ModularSys.Inventory\Pages\PurchaseOrderForm.razor(64,65): warning CS8629: Nullable value type may be null. [D:\Users\Xandro\Source\Repos\ModularSys\ModularSys.Inventory\ModularSys.Inventory.csproj]
D:\Users\Xandro\Source\Repos\ModularSys\ModularSys.Inventory\Pages\PurchaseOrderForm.razor(89,56): warning CS8629: Nullable value type may be null. [D:\Users\Xandro\Source\Repos\ModularSys\ModularSys.Inventory\ModularSys.Inventory.csproj]
D:\Users\Xandro\Source\Repos\ModularSys\ModularSys.Inventory\Pages\SalesOrderIndex.razor(375,24): warning CS1998: This async method lacks 'await' operators and will run synchronously. Consider using the 'await' operator to await non-blocking API calls, or 'await Task.Run(...)' to do CPU-bound work on a background thread. [D:\Users\Xandro\Source\Repos\ModularSys\ModularSys.Inventory\ModularSys.Inventory.csproj]
D:\Users\Xandro\Source\Repos\ModularSys\ModularSys.Inventory\Pages\SalesOrderIndex.razor(475,24): warning CS1998: This async method lacks 'await' operators and will run synchronously. Consider using the 'await' operator to await non-blocking API calls, or 'await Task.Run(...)' to do CPU-bound work on a background thread. [D:\Users\Xandro\Source\Repos\ModularSys\ModularSys.Inventory\ModularSys.Inventory.csproj]
D:\Users\Xandro\Source\Repos\ModularSys\ModularSys.Inventory\Pages\PurchaseOrderIndex.razor(388,24): warning CS1998: This async method lacks 'await' operators and will run synchronously. Consider using the 'await' operator to await non-blocking API calls, or 'await Task.Run(...)' to do CPU-bound work on a background thread. [D:\Users\Xandro\Source\Repos\ModularSys\ModularSys.Inventory\ModularSys.Inventory.csproj]
D:\Users\Xandro\Source\Repos\ModularSys\ModularSys.Inventory\Pages\SalesOrderForm.razor(27,106): warning CS8625: Cannot convert null literal to non-nullable reference type. [D:\Users\Xandro\Source\Repos\ModularSys\ModularSys.Inventory\ModularSys.Inventory.csproj]
D:\Users\Xandro\Source\Repos\ModularSys\ModularSys.Inventory\Pages\SalesOrderForm.razor(275,62): warning CS8629: Nullable value type may be null. [D:\Users\Xandro\Source\Repos\ModularSys\ModularSys.Inventory\ModularSys.Inventory.csproj]
D:\Users\Xandro\Source\Repos\ModularSys\ModularSys.Inventory\Pages\SalesOrderForm.razor(329,25): warning CS8625: Cannot convert null literal to non-nullable reference type. [D:\Users\Xandro\Source\Repos\ModularSys\ModularSys.Inventory\ModularSys.Inventory.csproj]
D:\Users\Xandro\Source\Repos\ModularSys\ModularSys.Inventory\Pages\SalesOrderForm.razor(343,74): warning CS8629: Nullable value type may be null. [D:\Users\Xandro\Source\Repos\ModularSys\ModularSys.Inventory\ModularSys.Inventory.csproj]
D:\Users\Xandro\Source\Repos\ModularSys\ModularSys.Inventory\Pages\SalesOrderForm.razor(239,20): warning CS8618: Non-nullable field '_errorMessage' must contain a non-null value when exiting constructor. Consider adding the 'required' modifier or declaring the field as nullable. [D:\Users\Xandro\Source\Repos\ModularSys\ModularSys.Inventory\ModularSys.Inventory.csproj]
D:\Users\Xandro\Source\Repos\ModularSys\ModularSys.Inventory\Pages\InventoryReports.razor(703,24): warning CS1998: This async method lacks 'await' operators and will run synchronously. Consider using the 'await' operator to await non-blocking API calls, or 'await Task.Run(...)' to do CPU-bound work on a background thread. [D:\Users\Xandro\Source\Repos\ModularSys\ModularSys.Inventory\ModularSys.Inventory.csproj]
D:\Users\Xandro\Source\Repos\ModularSys\ModularSys.Inventory\Services\AnalyticalReportService.cs(294,79): warning CS8602: Dereference of a possibly null reference. [D:\Users\Xandro\Source\Repos\ModularSys\ModularSys.Inventory\ModularSys.Inventory.csproj]
D:\Users\Xandro\Source\Repos\ModularSys\ModularSys.Inventory\Pages\InventoryDashboard.razor(72,14): error RZ1034: Found a malformed 'RadzenCard' tag helper. Tag helpers must have a start and end tag or be self closing. [D:\Users\Xandro\Source\Repos\ModularSys\ModularSys.Inventory\ModularSys.Inventory.csproj]
D:\Users\Xandro\Source\Repos\ModularSys\ModularSys.Inventory\Pages\InventoryDashboard.razor(78,63): error RZ9986: Component attributes do not support complex content (mixed C# and markup). Attribute: 'Style', text: 'font-size: 1.5rem; color: _dashboardData.ProfitMargin >= 0 ? "#10b981" : "#ef4444";' [D:\Users\Xandro\Source\Repos\ModularSys\ModularSys.Inventory\ModularSys.Inventory.csproj]
D:\Users\Xandro\Source\Repos\ModularSys\ModularSys.Inventory\Pages\InventoryDashboard.razor(81,13): error RZ9981: Unexpected closing tag 'RadzenCard' with no matching start tag. [D:\Users\Xandro\Source\Repos\ModularSys\ModularSys.Inventory\ModularSys.Inventory.csproj]
D:\Users\Xandro\Source\Repos\ModularSys\ModularSys.Inventory\Pages\InventoryDashboard.razor(81,15): error RZ1026: Encountered end tag "RadzenCard" with no matching start tag.  Are your start/end tags properly balanced? [D:\Users\Xandro\Source\Repos\ModularSys\ModularSys.Inventory\ModularSys.Inventory.csproj]
D:\Users\Xandro\Source\Repos\ModularSys\ModularSys.Inventory\Pages\InventoryDashboard.razor(81,15): error RZ1034: Found a malformed 'RadzenCard' tag helper. Tag helpers must have a start and end tag or be self closing. [D:\Users\Xandro\Source\Repos\ModularSys\ModularSys.Inventory\ModularSys.Inventory.csproj]
D:\Users\Xandro\Source\Repos\ModularSys\ModularSys.Inventory\Pages\InventoryDashboard.razor(82,9): error RZ9981: Unexpected closing tag 'div' with no matching start tag. [D:\Users\Xandro\Source\Repos\ModularSys\ModularSys.Inventory\ModularSys.Inventory.csproj]
D:\Users\Xandro\Source\Repos\ModularSys\ModularSys.Inventory\Pages\InventoryDashboard.razor(82,11): error RZ1026: Encountered end tag "div" with no matching start tag.  Are your start/end tags properly balanced? [D:\Users\Xandro\Source\Repos\ModularSys\ModularSys.Inventory\ModularSys.Inventory.csproj]
D:\Users\Xandro\Source\Repos\ModularSys\ModularSys.Inventory\Pages\InventoryDashboard.razor(140,112): error RZ9986: Component attributes do not support complex content (mixed C# and markup). Attribute: 'Style', text: 'font-size: 2rem; color: _dashboardData.LowStockCount > 0 ? "#f59e0b" : "#10b981"; margin-bottom: 12px;' [D:\Users\Xandro\Source\Repos\ModularSys\ModularSys.Inventory\ModularSys.Inventory.csproj]
D:\Users\Xandro\Source\Repos\ModularSys\ModularSys.Inventory\Pages\ProductIndex.razor(11,1): error RZ9980: Unclosed tag 'div' with no matching end tag. [D:\Users\Xandro\Source\Repos\ModularSys\ModularSys.Inventory\ModularSys.Inventory.csproj]
D:\Users\Xandro\Source\Repos\ModularSys\ModularSys.Inventory\Pages\ProductIndex.razor(65,6): error RZ1034: Found a malformed 'RadzenCard' tag helper. Tag helpers must have a start and end tag or be self closing. [D:\Users\Xandro\Source\Repos\ModularSys\ModularSys.Inventory\ModularSys.Inventory.csproj]
D:\Users\Xandro\Source\Repos\ModularSys\ModularSys.Inventory\Pages\ProductIndex.razor(90,9): error RZ1006: The else block is missing a closing "}" character.  Make sure you have a matching "}" character for all the "{" characters within this block, and that none of the "}" characters are being interpreted as markup. [D:\Users\Xandro\Source\Repos\ModularSys\ModularSys.Inventory\ModularSys.Inventory.csproj]
D:\Users\Xandro\Source\Repos\ModularSys\ModularSys.Inventory\Pages\ProductIndex.razor(92,14): error RZ1025: The "RadzenDataGrid" element was not closed.  All elements must be either self-closing or have a matching end tag. [D:\Users\Xandro\Source\Repos\ModularSys\ModularSys.Inventory\ModularSys.Inventory.csproj]
D:\Users\Xandro\Source\Repos\ModularSys\ModularSys.Inventory\Pages\ProductIndex.razor(92,14): error RZ1034: Found a malformed 'RadzenDataGrid' tag helper. Tag helpers must have a start and end tag or be self closing. [D:\Users\Xandro\Source\Repos\ModularSys\ModularSys.Inventory\ModularSys.Inventory.csproj]
D:\Users\Xandro\Source\Repos\ModularSys\ModularSys.Inventory\Pages\ProductIndex.razor(98,17): error RZ9980: Unclosed tag 'Columns' with no matching end tag. [D:\Users\Xandro\Source\Repos\ModularSys\ModularSys.Inventory\ModularSys.Inventory.csproj]
D:\Users\Xandro\Source\Repos\ModularSys\ModularSys.Inventory\Pages\ProductIndex.razor(99,22): error RZ1034: Found a malformed 'RadzenDataGridColumn' tag helper. Tag helpers must have a start and end tag or be self closing. [D:\Users\Xandro\Source\Repos\ModularSys\ModularSys.Inventory\ModularSys.Inventory.csproj]
D:\Users\Xandro\Source\Repos\ModularSys\ModularSys.Inventory\Pages\ProductIndex.razor(112,25): error RZ9981: Unexpected closing tag 'Template' with no matching start tag. [D:\Users\Xandro\Source\Repos\ModularSys\ModularSys.Inventory\ModularSys.Inventory.csproj]
D:\Users\Xandro\Source\Repos\ModularSys\ModularSys.Inventory\Pages\ProductIndex.razor(113,21): error RZ9981: Unexpected closing tag 'RadzenDataGridColumn' with no matching start tag. [D:\Users\Xandro\Source\Repos\ModularSys\ModularSys.Inventory\ModularSys.Inventory.csproj]
D:\Users\Xandro\Source\Repos\ModularSys\ModularSys.Inventory\Pages\ProductIndex.razor(113,23): error RZ1026: Encountered end tag "RadzenDataGridColumn" with no matching start tag.  Are your start/end tags properly balanced? [D:\Users\Xandro\Source\Repos\ModularSys\ModularSys.Inventory\ModularSys.Inventory.csproj]
D:\Users\Xandro\Source\Repos\ModularSys\ModularSys.Inventory\Pages\ProductIndex.razor(113,23): error RZ1034: Found a malformed 'RadzenDataGridColumn' tag helper. Tag helpers must have a start and end tag or be self closing. [D:\Users\Xandro\Source\Repos\ModularSys\ModularSys.Inventory\ModularSys.Inventory.csproj]
D:\Users\Xandro\Source\Repos\ModularSys\ModularSys.Inventory\Pages\ProductIndex.razor(121,22): error RZ1025: The "RadzenDataGridColumn" element was not closed.  All elements must be either self-closing or have a matching end tag. [D:\Users\Xandro\Source\Repos\ModularSys\ModularSys.Inventory\ModularSys.Inventory.csproj]
D:\Users\Xandro\Source\Repos\ModularSys\ModularSys.Inventory\Pages\ProductIndex.razor(121,22): error RZ1034: Found a malformed 'RadzenDataGridColumn' tag helper. Tag helpers must have a start and end tag or be self closing. [D:\Users\Xandro\Source\Repos\ModularSys\ModularSys.Inventory\ModularSys.Inventory.csproj]
D:\Users\Xandro\Source\Repos\ModularSys\ModularSys.Inventory\Pages\ProductIndex.razor(122,25): error RZ9980: Unclosed tag 'Template' with no matching end tag. [D:\Users\Xandro\Source\Repos\ModularSys\ModularSys.Inventory\ModularSys.Inventory.csproj]
D:\Users\Xandro\Source\Repos\ModularSys\ModularSys.Inventory\Pages\ProductIndex.razor(128,25): error RZ9981: Unexpected closing tag 'Template' with no matching start tag. [D:\Users\Xandro\Source\Repos\ModularSys\ModularSys.Inventory\ModularSys.Inventory.csproj]
D:\Users\Xandro\Source\Repos\ModularSys\ModularSys.Inventory\Pages\ProductIndex.razor(128,27): error RZ1026: Encountered end tag "Template" with no matching start tag.  Are your start/end tags properly balanced? [D:\Users\Xandro\Source\Repos\ModularSys\ModularSys.Inventory\ModularSys.Inventory.csproj]
D:\Users\Xandro\Source\Repos\ModularSys\ModularSys.Inventory\Pages\ProductIndex.razor(129,21): error RZ9981: Unexpected closing tag 'RadzenDataGridColumn' with no matching start tag. [D:\Users\Xandro\Source\Repos\ModularSys\ModularSys.Inventory\ModularSys.Inventory.csproj]
D:\Users\Xandro\Source\Repos\ModularSys\ModularSys.Inventory\Pages\ProductIndex.razor(129,23): error RZ1026: Encountered end tag "RadzenDataGridColumn" with no matching start tag.  Are your start/end tags properly balanced? [D:\Users\Xandro\Source\Repos\ModularSys\ModularSys.Inventory\ModularSys.Inventory.csproj]
D:\Users\Xandro\Source\Repos\ModularSys\ModularSys.Inventory\Pages\ProductIndex.razor(129,23): error RZ1034: Found a malformed 'RadzenDataGridColumn' tag helper. Tag helpers must have a start and end tag or be self closing. [D:\Users\Xandro\Source\Repos\ModularSys\ModularSys.Inventory\ModularSys.Inventory.csproj]
D:\Users\Xandro\Source\Repos\ModularSys\ModularSys.Inventory\Pages\ProductIndex.razor(131,22): error RZ1025: The "RadzenDataGridColumn" element was not closed.  All elements must be either self-closing or have a matching end tag. [D:\Users\Xandro\Source\Repos\ModularSys\ModularSys.Inventory\ModularSys.Inventory.csproj]
D:\Users\Xandro\Source\Repos\ModularSys\ModularSys.Inventory\Pages\ProductIndex.razor(131,22): error RZ1034: Found a malformed 'RadzenDataGridColumn' tag helper. Tag helpers must have a start and end tag or be self closing. [D:\Users\Xandro\Source\Repos\ModularSys\ModularSys.Inventory\ModularSys.Inventory.csproj]
D:\Users\Xandro\Source\Repos\ModularSys\ModularSys.Inventory\Pages\ProductIndex.razor(132,25): error RZ9980: Unclosed tag 'Template' with no matching end tag. [D:\Users\Xandro\Source\Repos\ModularSys\ModularSys.Inventory\ModularSys.Inventory.csproj]
D:\Users\Xandro\Source\Repos\ModularSys\ModularSys.Inventory\Pages\ProductIndex.razor(138,29): error RZ9981: Unexpected closing tag 'div' with no matching start tag. [D:\Users\Xandro\Source\Repos\ModularSys\ModularSys.Inventory\ModularSys.Inventory.csproj]
D:\Users\Xandro\Source\Repos\ModularSys\ModularSys.Inventory\Pages\ProductIndex.razor(139,21): error RZ9981: Unexpected closing tag 'RadzenDataGridColumn' with no matching start tag. [D:\Users\Xandro\Source\Repos\ModularSys\ModularSys.Inventory\ModularSys.Inventory.csproj]
D:\Users\Xandro\Source\Repos\ModularSys\ModularSys.Inventory\Pages\ProductIndex.razor(139,23): error RZ1026: Encountered end tag "RadzenDataGridColumn" with no matching start tag.  Are your start/end tags properly balanced? [D:\Users\Xandro\Source\Repos\ModularSys\ModularSys.Inventory\ModularSys.Inventory.csproj]
D:\Users\Xandro\Source\Repos\ModularSys\ModularSys.Inventory\Pages\ProductIndex.razor(139,23): error RZ1034: Found a malformed 'RadzenDataGridColumn' tag helper. Tag helpers must have a start and end tag or be self closing. [D:\Users\Xandro\Source\Repos\ModularSys\ModularSys.Inventory\ModularSys.Inventory.csproj]
D:\Users\Xandro\Source\Repos\ModularSys\ModularSys.Inventory\Pages\ProductIndex.razor(155,17): error RZ9981: Unexpected closing tag 'Columns' with no matching start tag. [D:\Users\Xandro\Source\Repos\ModularSys\ModularSys.Inventory\ModularSys.Inventory.csproj]
D:\Users\Xandro\Source\Repos\ModularSys\ModularSys.Inventory\Pages\ProductIndex.razor(155,19): error RZ1026: Encountered end tag "Columns" with no matching start tag.  Are your start/end tags properly balanced? [D:\Users\Xandro\Source\Repos\ModularSys\ModularSys.Inventory\ModularSys.Inventory.csproj]
D:\Users\Xandro\Source\Repos\ModularSys\ModularSys.Inventory\Pages\ProductIndex.razor(156,13): error RZ9981: Unexpected closing tag 'RadzenDataGrid' with no matching start tag. [D:\Users\Xandro\Source\Repos\ModularSys\ModularSys.Inventory\ModularSys.Inventory.csproj]
D:\Users\Xandro\Source\Repos\ModularSys\ModularSys.Inventory\Pages\ProductIndex.razor(156,15): error RZ1026: Encountered end tag "RadzenDataGrid" with no matching start tag.  Are your start/end tags properly balanced? [D:\Users\Xandro\Source\Repos\ModularSys\ModularSys.Inventory\ModularSys.Inventory.csproj]
D:\Users\Xandro\Source\Repos\ModularSys\ModularSys.Inventory\Pages\ProductIndex.razor(156,15): error RZ1034: Found a malformed 'RadzenDataGrid' tag helper. Tag helpers must have a start and end tag or be self closing. [D:\Users\Xandro\Source\Repos\ModularSys\ModularSys.Inventory\ModularSys.Inventory.csproj]
D:\Users\Xandro\Source\Repos\ModularSys\ModularSys.Inventory\Pages\ProductIndex.razor(158,5): error RZ9981: Unexpected closing tag 'RadzenCard' with no matching start tag. [D:\Users\Xandro\Source\Repos\ModularSys\ModularSys.Inventory\ModularSys.Inventory.csproj]
D:\Users\Xandro\Source\Repos\ModularSys\ModularSys.Inventory\Pages\ProductIndex.razor(158,7): error RZ1034: Found a malformed 'RadzenCard' tag helper. Tag helpers must have a start and end tag or be self closing. [D:\Users\Xandro\Source\Repos\ModularSys\ModularSys.Inventory\ModularSys.Inventory.csproj]
D:\Users\Xandro\Source\Repos\ModularSys\ModularSys.Inventory\Pages\ProductIndex.razor(159,1): error RZ9981: Unexpected closing tag 'div' with no matching start tag. [D:\Users\Xandro\Source\Repos\ModularSys\ModularSys.Inventory\ModularSys.Inventory.csproj]
D:\Users\Xandro\Source\Repos\ModularSys\ModularSys.Inventory\Pages\ProductIndex.razor(159,3): error RZ1026: Encountered end tag "div" with no matching start tag.  Are your start/end tags properly balanced? [D:\Users\Xandro\Source\Repos\ModularSys\ModularSys.Inventory\ModularSys.Inventory.csproj]
D:\Users\Xandro\Source\Repos\ModularSys\ModularSys.Inventory\obj\Debug\net8.0\Microsoft.CodeAnalysis.Razor.Compiler\Microsoft.NET.Sdk.Razor.SourceGenerators.RazorSourceGenerator\Pages_ProductIndex_razor.g.cs(1301,14): error CS1513: } expected [D:\Users\Xandro\Source\Repos\ModularSys\ModularSys.Inventory\ModularSys.Inventory.csproj]
D:\Users\Xandro\Source\Repos\ModularSys\ModularSys.Inventory\Components\CancellationReasonDialog.razor(30,82): error CS0117: 'JustifyContent' does not contain a definition for 'FlexEnd' [D:\Users\Xandro\Source\Repos\ModularSys\ModularSys.Inventory\ModularSys.Inventory.csproj]
D:\Users\Xandro\Source\Repos\ModularSys\ModularSys.Inventory\Pages\CategoryForm.razor(39,132): error CS0266: Cannot implicitly convert type 'int?' to 'int'. An explicit conversion exists (are you missing a cast?) [D:\Users\Xandro\Source\Repos\ModularSys\ModularSys.Inventory\ModularSys.Inventory.csproj]
D:\Users\Xandro\Source\Repos\ModularSys\ModularSys.Inventory\Pages\CategoryForm.razor(58,82): error CS0117: 'JustifyContent' does not contain a definition for 'FlexEnd' [D:\Users\Xandro\Source\Repos\ModularSys\ModularSys.Inventory\ModularSys.Inventory.csproj]
D:\Users\Xandro\Source\Repos\ModularSys\ModularSys.Inventory\Components\ReportPreviewDialog.razor(146,82): error CS0117: 'JustifyContent' does not contain a definition for 'FlexEnd' [D:\Users\Xandro\Source\Repos\ModularSys\ModularSys.Inventory\ModularSys.Inventory.csproj]
D:\Users\Xandro\Source\Repos\ModularSys\ModularSys.Inventory\Pages\StockAlerts.razor(285,25): error CS0117: 'BadgeStyle' does not contain a definition for 'Default' [D:\Users\Xandro\Source\Repos\ModularSys\ModularSys.Inventory\ModularSys.Inventory.csproj]
D:\Users\Xandro\Source\Repos\ModularSys\ModularSys.Inventory\Pages\StockAlerts.razor(293,25): error CS0117: 'BadgeStyle' does not contain a definition for 'Default' [D:\Users\Xandro\Source\Repos\ModularSys\ModularSys.Inventory\ModularSys.Inventory.csproj]
D:\Users\Xandro\Source\Repos\ModularSys\ModularSys.Inventory\Pages\ProductForm.razor(42,126): error CS0266: Cannot implicitly convert type 'int?' to 'int'. An explicit conversion exists (are you missing a cast?) [D:\Users\Xandro\Source\Repos\ModularSys\ModularSys.Inventory\ModularSys.Inventory.csproj]
D:\Users\Xandro\Source\Repos\ModularSys\ModularSys.Inventory\Pages\ProductForm.razor(49,116): error CS0266: Cannot implicitly convert type 'decimal?' to 'decimal'. An explicit conversion exists (are you missing a cast?) [D:\Users\Xandro\Source\Repos\ModularSys\ModularSys.Inventory\ModularSys.Inventory.csproj]
D:\Users\Xandro\Source\Repos\ModularSys\ModularSys.Inventory\Pages\ProductForm.razor(66,122): error CS0266: Cannot implicitly convert type 'int?' to 'int'. An explicit conversion exists (are you missing a cast?) [D:\Users\Xandro\Source\Repos\ModularSys\ModularSys.Inventory\ModularSys.Inventory.csproj]
D:\Users\Xandro\Source\Repos\ModularSys\ModularSys.Inventory\Pages\ProductForm.razor(72,118): error CS0266: Cannot implicitly convert type 'int?' to 'int'. An explicit conversion exists (are you missing a cast?) [D:\Users\Xandro\Source\Repos\ModularSys\ModularSys.Inventory\ModularSys.Inventory.csproj]
D:\Users\Xandro\Source\Repos\ModularSys\ModularSys.Inventory\Pages\ProductForm.razor(115,82): error CS0117: 'JustifyContent' does not contain a definition for 'FlexEnd' [D:\Users\Xandro\Source\Repos\ModularSys\ModularSys.Inventory\ModularSys.Inventory.csproj]
D:\Users\Xandro\Source\Repos\ModularSys\ModularSys.Inventory\Pages\ProductForm.razor(160,31): error CS0120: An object reference is required for the non-static field, method, or property 'DialogService.Confirm(string, string, ConfirmOptions)' [D:\Users\Xandro\Source\Repos\ModularSys\ModularSys.Inventory\ModularSys.Inventory.csproj]
D:\Users\Xandro\Source\Repos\ModularSys\ModularSys.Inventory\Pages\PurchaseOrderForm.razor(89,44): error CS1501: No overload for method 'UpdateAsync' takes 2 arguments [D:\Users\Xandro\Source\Repos\ModularSys\ModularSys.Inventory\ModularSys.Inventory.csproj]
D:\Users\Xandro\Source\Repos\ModularSys\ModularSys.Inventory\Pages\PurchaseOrderForm.razor(94,56): error CS1503: Argument 1: cannot convert from 'ModularSys.Inventory.Models.PurchaseOrderMultiInputModel' to 'ModularSys.Data.Common.Entities.Inventory.PurchaseOrder' [D:\Users\Xandro\Source\Repos\ModularSys\ModularSys.Inventory\ModularSys.Inventory.csproj]
D:\Users\Xandro\Source\Repos\ModularSys\ModularSys.Inventory\Pages\SalesOrderIndex.razor(364,33): error CS0117: 'DialogOptions' does not contain a definition for 'CloseButton' [D:\Users\Xandro\Source\Repos\ModularSys\ModularSys.Inventory\ModularSys.Inventory.csproj]
D:\Users\Xandro\Source\Repos\ModularSys\ModularSys.Inventory\Pages\SalesOrderIndex.razor(364,53): error CS0117: 'DialogOptions' does not contain a definition for 'MaxWidth' [D:\Users\Xandro\Source\Repos\ModularSys\ModularSys.Inventory\ModularSys.Inventory.csproj]
D:\Users\Xandro\Source\Repos\ModularSys\ModularSys.Inventory\Pages\SalesOrderIndex.razor(364,64): error CS0103: The name 'MaxWidth' does not exist in the current context [D:\Users\Xandro\Source\Repos\ModularSys\ModularSys.Inventory\ModularSys.Inventory.csproj]
D:\Users\Xandro\Source\Repos\ModularSys\ModularSys.Inventory\Pages\SalesOrderIndex.razor(364,80): error CS0117: 'DialogOptions' does not contain a definition for 'FullWidth' [D:\Users\Xandro\Source\Repos\ModularSys\ModularSys.Inventory\ModularSys.Inventory.csproj]
D:\Users\Xandro\Source\Repos\ModularSys\ModularSys.Inventory\Pages\SalesOrderIndex.razor(362,36): error CS1061: 'DialogService' does not contain a definition for 'Show' and no accessible extension method 'Show' accepting a first argument of type 'DialogService' could be found (are you missing a using directive or an assembly reference?) [D:\Users\Xandro\Source\Repos\ModularSys\ModularSys.Inventory\ModularSys.Inventory.csproj]
D:\Users\Xandro\Source\Repos\ModularSys\ModularSys.Inventory\Pages\SalesOrderIndex.razor(377,30): error CS0246: The type or namespace name 'DialogParameters' could not be found (are you missing a using directive or an assembly reference?) [D:\Users\Xandro\Source\Repos\ModularSys\ModularSys.Inventory\ModularSys.Inventory.csproj]
D:\Users\Xandro\Source\Repos\ModularSys\ModularSys.Inventory\Pages\SalesOrderIndex.razor(382,33): error CS0117: 'DialogOptions' does not contain a definition for 'CloseButton' [D:\Users\Xandro\Source\Repos\ModularSys\ModularSys.Inventory\ModularSys.Inventory.csproj]
D:\Users\Xandro\Source\Repos\ModularSys\ModularSys.Inventory\Pages\SalesOrderIndex.razor(382,53): error CS0117: 'DialogOptions' does not contain a definition for 'MaxWidth' [D:\Users\Xandro\Source\Repos\ModularSys\ModularSys.Inventory\ModularSys.Inventory.csproj]
D:\Users\Xandro\Source\Repos\ModularSys\ModularSys.Inventory\Pages\SalesOrderIndex.razor(382,64): error CS0103: The name 'MaxWidth' does not exist in the current context [D:\Users\Xandro\Source\Repos\ModularSys\ModularSys.Inventory\ModularSys.Inventory.csproj]
D:\Users\Xandro\Source\Repos\ModularSys\ModularSys.Inventory\Pages\SalesOrderIndex.razor(382,80): error CS0117: 'DialogOptions' does not contain a definition for 'FullWidth' [D:\Users\Xandro\Source\Repos\ModularSys\ModularSys.Inventory\ModularSys.Inventory.csproj]
D:\Users\Xandro\Source\Repos\ModularSys\ModularSys.Inventory\Pages\SalesOrderIndex.razor(379,23): error CS1061: 'DialogService' does not contain a definition for 'Show' and no accessible extension method 'Show' accepting a first argument of type 'DialogService' could be found (are you missing a using directive or an assembly reference?) [D:\Users\Xandro\Source\Repos\ModularSys\ModularSys.Inventory\ModularSys.Inventory.csproj]
D:\Users\Xandro\Source\Repos\ModularSys\ModularSys.Inventory\Pages\SalesOrderIndex.razor(388,30): error CS0246: The type or namespace name 'DialogParameters' could not be found (are you missing a using directive or an assembly reference?) [D:\Users\Xandro\Source\Repos\ModularSys\ModularSys.Inventory\ModularSys.Inventory.csproj]
D:\Users\Xandro\Source\Repos\ModularSys\ModularSys.Inventory\Pages\SalesOrderIndex.razor(393,33): error CS0117: 'DialogOptions' does not contain a definition for 'CloseButton' [D:\Users\Xandro\Source\Repos\ModularSys\ModularSys.Inventory\ModularSys.Inventory.csproj]
D:\Users\Xandro\Source\Repos\ModularSys\ModularSys.Inventory\Pages\SalesOrderIndex.razor(393,53): error CS0117: 'DialogOptions' does not contain a definition for 'MaxWidth' [D:\Users\Xandro\Source\Repos\ModularSys\ModularSys.Inventory\ModularSys.Inventory.csproj]
D:\Users\Xandro\Source\Repos\ModularSys\ModularSys.Inventory\Pages\SalesOrderIndex.razor(393,64): error CS0103: The name 'MaxWidth' does not exist in the current context [D:\Users\Xandro\Source\Repos\ModularSys\ModularSys.Inventory\ModularSys.Inventory.csproj]
D:\Users\Xandro\Source\Repos\ModularSys\ModularSys.Inventory\Pages\SalesOrderIndex.razor(393,80): error CS0117: 'DialogOptions' does not contain a definition for 'FullWidth' [D:\Users\Xandro\Source\Repos\ModularSys\ModularSys.Inventory\ModularSys.Inventory.csproj]
D:\Users\Xandro\Source\Repos\ModularSys\ModularSys.Inventory\Pages\SalesOrderIndex.razor(390,36): error CS1061: 'DialogService' does not contain a definition for 'Show' and no accessible extension method 'Show' accepting a first argument of type 'DialogService' could be found (are you missing a using directive or an assembly reference?) [D:\Users\Xandro\Source\Repos\ModularSys\ModularSys.Inventory\ModularSys.Inventory.csproj]
D:\Users\Xandro\Source\Repos\ModularSys\ModularSys.Inventory\Pages\SalesOrderIndex.razor(409,44): error CS1061: 'DialogService' does not contain a definition for 'ShowMessageBox' and no accessible extension method 'ShowMessageBox' accepting a first argument of type 'DialogService' could be found (are you missing a using directive or an assembly reference?) [D:\Users\Xandro\Source\Repos\ModularSys\ModularSys.Inventory\ModularSys.Inventory.csproj]
D:\Users\Xandro\Source\Repos\ModularSys\ModularSys.Inventory\Pages\SalesOrderIndex.razor(448,30): error CS0246: The type or namespace name 'DialogParameters' could not be found (are you missing a using directive or an assembly reference?) [D:\Users\Xandro\Source\Repos\ModularSys\ModularSys.Inventory\ModularSys.Inventory.csproj]
D:\Users\Xandro\Source\Repos\ModularSys\ModularSys.Inventory\Pages\SalesOrderIndex.razor(457,33): error CS0117: 'DialogOptions' does not contain a definition for 'CloseButton' [D:\Users\Xandro\Source\Repos\ModularSys\ModularSys.Inventory\ModularSys.Inventory.csproj]
D:\Users\Xandro\Source\Repos\ModularSys\ModularSys.Inventory\Pages\SalesOrderIndex.razor(457,53): error CS0117: 'DialogOptions' does not contain a definition for 'MaxWidth' [D:\Users\Xandro\Source\Repos\ModularSys\ModularSys.Inventory\ModularSys.Inventory.csproj]
D:\Users\Xandro\Source\Repos\ModularSys\ModularSys.Inventory\Pages\SalesOrderIndex.razor(457,64): error CS0103: The name 'MaxWidth' does not exist in the current context [D:\Users\Xandro\Source\Repos\ModularSys\ModularSys.Inventory\ModularSys.Inventory.csproj]
D:\Users\Xandro\Source\Repos\ModularSys\ModularSys.Inventory\Pages\SalesOrderIndex.razor(457,80): error CS0117: 'DialogOptions' does not contain a definition for 'FullWidth' [D:\Users\Xandro\Source\Repos\ModularSys\ModularSys.Inventory\ModularSys.Inventory.csproj]
D:\Users\Xandro\Source\Repos\ModularSys\ModularSys.Inventory\Pages\SalesOrderIndex.razor(456,36): error CS1061: 'DialogService' does not contain a definition for 'Show' and no accessible extension method 'Show' accepting a first argument of type 'DialogService' could be found (are you missing a using directive or an assembly reference?) [D:\Users\Xandro\Source\Repos\ModularSys\ModularSys.Inventory\ModularSys.Inventory.csproj]
D:\Users\Xandro\Source\Repos\ModularSys\ModularSys.Inventory\Pages\SalesOrderIndex.razor(460,99): error CS0165: Use of unassigned local variable 'cancellationReason' [D:\Users\Xandro\Source\Repos\ModularSys\ModularSys.Inventory\ModularSys.Inventory.csproj]
D:\Users\Xandro\Source\Repos\ModularSys\ModularSys.Inventory\Pages\InventoryReports.razor(45,71): error CS0103: The name 'Size' does not exist in the current context [D:\Users\Xandro\Source\Repos\ModularSys\ModularSys.Inventory\ModularSys.Inventory.csproj]
D:\Users\Xandro\Source\Repos\ModularSys\ModularSys.Inventory\Pages\InventoryReports.razor(110,83): error CS0103: The name 'Size' does not exist in the current context [D:\Users\Xandro\Source\Repos\ModularSys\ModularSys.Inventory\ModularSys.Inventory.csproj]
D:\Users\Xandro\Source\Repos\ModularSys\ModularSys.Inventory\Pages\InventoryReports.razor(355,92): error CS0103: The name 'Severity' does not exist in the current context [D:\Users\Xandro\Source\Repos\ModularSys\ModularSys.Inventory\ModularSys.Inventory.csproj]
D:\Users\Xandro\Source\Repos\ModularSys\ModularSys.Inventory\Pages\InventoryReports.razor(355,111): error CS0103: The name 'Severity' does not exist in the current context [D:\Users\Xandro\Source\Repos\ModularSys\ModularSys.Inventory\ModularSys.Inventory.csproj]
    101 Warning(s)
    87 Error(s)

Time Elapsed 00:00:03.70

Workload updates are available. Run `dotnet workload list` for more information.
